Loading and checking parameter files for compatibility...
cpptraj found! Using /home/siamchowdhury/miniconda3/envs/docking/bin/cpptraj
sander found! Using /home/siamchowdhury/miniconda3/envs/docking/bin/sander
Preparing trajectories for simulation...
1 frames were processed by cpptraj for use in calculation.

Running calculations on normal system...

Beginning GB calculations with /home/siamchowdhury/miniconda3/envs/docking/bin/sander
  calculating complex contribution...
  calculating receptor contribution...
  calculating ligand contribution...

Timing:
Total setup time:                           0.619 sec.
Creating trajectories with cpptraj:         0.243 sec.
Total calculation time:                    23.246 sec.

Total GB calculation time:                 23.246 sec.

Statistics calculation & output writing:    0.027 sec.
Total time taken:                          24.139 sec.


MMPBSA.py Finished! Thank you for using. Please cite us if you publish this work with this paper:
   Miller III, B. R., McGee Jr., T. D., Swails, J. M. Homeyer, N. Gohlke, H. and Roitberg, A. E.
   J. Chem. Theory Comput., 2012, 8 (9) pp 3314--3321
