
          -------------------------------------------------------
          Amber 24 SANDER                              2024
          -------------------------------------------------------

| Run on 09/27/2026 at 11:44:31

|   Executable path: sander
| Working directory: /home/siamchowdhury/chem/s_series/mmgbsa_checks_focused/XCJ_HIE
|          Hostname: Unknown
  [-O]verwriting output

File Assignments:
|  MDIN: min.in                                                                
| MDOUT: min.out                                                               
|INPCRD: complex.inpcrd                                                        
|  PARM: complex.prmtop                                                        
|RESTRT: complex_min.rst7                                                      
|  REFC: complex.inpcrd                                                        
| MDVEL: mdvel                                                                 
| MDFRC: mdfrc                                                                 
|  MDEN: mden                                                                  
| MDCRD: mdcrd                                                                 
|MDINFO: mdinfo                                                                
|  MTMD: mtmd                                                                  
|INPDIP: inpdip                                                                
|RSTDIP: rstdip                                                                
|INPTRA: inptraj                                                               


 Here is the input file:

Minimisation, GB implicit solvent, backbone restrained                         
 &cntrl                                                                        
  imin = 1, maxcyc = 500, ncyc = 200,                                          
  ntb = 0, igb = 5, saltcon = 0.15,                                            
  cut = 999.0, ntpr = 100,                                                     
  ntr = 1, restraint_wt = 5.0,                                                 
  restraintmask = ':1-9999 & @CA,C,N,O',                                       
 /                                                                             

--------------------------------------------------------------------------------
   1.  RESOURCE   USE: 
--------------------------------------------------------------------------------

| Flags:                                                                        
| New format PARM file being parsed.
| Version =    1.000 Date = 09/27/26 Time = 11:44:31
 NATOM  =    4750 NTYPES =      31 NBONH =    2414 MBONA  =    2369
 NTHETH =    5513 MTHETA =    3209 NPHIH =   10742 MPHIA  =   10271
 NHPARM =       0 NPARM  =       0 NNB   =   26242 NRES   =     312
 NBONA  =    2369 NTHETA =    3209 NPHIA =   10271 NUMBND =     102
 NUMANG =     227 NPTRA  =     223 NATYP =      53 NPHB   =       0
 IFBOX  =       0 NMXRS  =      52 IFCAP =       0 NEXTRA =       0
 NCOPY  =       0

 Implicit solvent radii are H(N)-modified Bondi radii (mbondi2)                                             

|     Memory Use     Allocated
|     Real             1176359
|     Hollerith          14564
|     Integer           285442
|     Max Pairs              1
|     nblistReal             0
|     nblist Int             0
|       Total            10362 kbytes

| Note: 1-4 EEL scale factors are being read from the topology file.

| Note: 1-4 VDW scale factors are being read from the topology file.
| Duplicated    0 dihedrals
| Duplicated    0 dihedrals

--------------------------------------------------------------------------------
   2.  CONTROL  DATA  FOR  THE  RUN
--------------------------------------------------------------------------------

default_name                                                                    

General flags:
     imin    =       1, nmropt  =       0

Nature and format of input:
     ntx     =       1, irest   =       0, ntrx    =       1

Nature and format of output:
     ntxo    =       2, ntpr    =     100, ntrx    =       1, ntwr    =       1
     iwrap   =       0, ntwx    =       0, ntwv    =       0, ntwe    =       0
     ioutfm  =       1, ntwprt  =       0, idecomp =       0, rbornstat=      0

Potential function:
     ntf     =       1, ntb     =       0, igb     =       5, nsnb    =      25
     ipol    =       0, gbsa    =       0, iesp    =       0
     dielc   =   1.00000, cut     = 999.00000, intdiel =   1.00000
     saltcon =   0.15000, offset  =   0.09000, gbalpha=    1.00000
     gbbeta  =   0.80000, gbgamma =   4.85000, surften =   0.00500
     rdt     =   0.00000, rgbmax  =  25.00000  extdiel =  78.50000
     alpb  =        0

Frozen or restrained atoms:
     ibelly  =       0, ntr     =       1
     restraint_wt =   5.00000

Energy minimization:
     maxcyc  =     500, ncyc    =     200, ntmin   =       1
     dx0     =   0.01000, drms    =   0.00010
|  INFO: Old style inpcrd file read


    LOADING THE CONSTRAINED ATOMS AS GROUPS


   5.  REFERENCE ATOM COORDINATES

  defa
     Mask :1-9999 & @CA,C,N,O; matches  1243 atoms

--------------------------------------------------------------------------------
   3.  ATOMIC COORDINATES AND VELOCITIES
--------------------------------------------------------------------------------

default_name                                                                    
 begin time read from input coords =     0.000 ps

 Number of triangulated 3-point waters found:        0

--------------------------------------------------------------------------------
   4.  RESULTS
--------------------------------------------------------------------------------



   NSTEP       ENERGY          RMS            GMAX         NAME    NUMBER
      1      -7.6175E+03     9.8730E+00     4.1725E+02     H4       4740

 BOND    =      127.7760  ANGLE   =      525.4054  DIHED      =     3486.2393
 VDWAALS =    -2163.2028  EEL     =   -22714.1728  EGB        =    -3547.8109
 1-4 VDW =     1347.7405  1-4 EEL =    15320.4909  RESTRAINT  =        0.0000


   NSTEP       ENERGY          RMS            GMAX         NAME    NUMBER
    100      -8.9370E+03     4.0191E-01     1.2663E+01     P        4685

 BOND    =      143.9521  ANGLE   =      488.8851  DIHED      =     3468.4283
 VDWAALS =    -2692.7451  EEL     =   -22629.3290  EGB        =    -3613.5598
 1-4 VDW =     1031.6674  1-4 EEL =    14839.5407  RESTRAINT  =       26.2026
 EAMBER  =    -8963.1603


   NSTEP       ENERGY          RMS            GMAX         NAME    NUMBER
    200      -9.0333E+03     4.3158E-01     2.9711E+01     P        4685

 BOND    =      157.6952  ANGLE   =      508.8425  DIHED      =     3461.5642
 VDWAALS =    -2727.8239  EEL     =   -22635.1833  EGB        =    -3615.8394
 1-4 VDW =      995.4129  1-4 EEL =    14787.3090  RESTRAINT  =       34.6870
 EAMBER  =    -9068.0229


   NSTEP       ENERGY          RMS            GMAX         NAME    NUMBER
    300      -9.1597E+03     2.8204E-01     8.9259E+00     H11      4700

 BOND    =      168.7949  ANGLE   =      526.1186  DIHED      =     3432.8489
 VDWAALS =    -2753.3867  EEL     =   -22687.2535  EGB        =    -3602.7170
 1-4 VDW =      965.4151  1-4 EEL =    14745.6099  RESTRAINT  =       44.8284
 EAMBER  =    -9204.5698


   NSTEP       ENERGY          RMS            GMAX         NAME    NUMBER
    400      -9.1851E+03     2.9737E-01     7.2009E+00     H11      4700

 BOND    =      169.9830  ANGLE   =      526.0968  DIHED      =     3423.1047
 VDWAALS =    -2755.2408  EEL     =   -22704.1495  EGB        =    -3594.3540
 1-4 VDW =      962.4540  1-4 EEL =    14741.1879  RESTRAINT  =       45.7870
 EAMBER  =    -9230.9179


   NSTEP       ENERGY          RMS            GMAX         NAME    NUMBER
    500      -9.1992E+03     1.9602E-01     4.1913E+00     H11      4700

 BOND    =      170.4030  ANGLE   =      526.4410  DIHED      =     3416.5816
 VDWAALS =    -2757.2165  EEL     =   -22710.8544  EGB        =    -3589.6662
 1-4 VDW =      961.3347  1-4 EEL =    14737.3602  RESTRAINT  =       46.4013
 EAMBER  =    -9245.6165


  Maximum number of minimization cycles reached.


                    FINAL RESULTS



   NSTEP       ENERGY          RMS            GMAX         NAME    NUMBER
    500      -9.1992E+03     1.9602E-01     4.1913E+00     H11      4700

 BOND    =      170.4030  ANGLE   =      526.4410  DIHED      =     3416.5816
 VDWAALS =    -2757.2165  EEL     =   -22710.8544  EGB        =    -3589.6662
 1-4 VDW =      961.3347  1-4 EEL =    14737.3602  RESTRAINT  =       46.4013
 EAMBER  =    -9245.6165

--------------------------------------------------------------------------------
   5.  TIMINGS
--------------------------------------------------------------------------------

|                Calc gb radii             61.79 (23.86% of Gen B)
|                Calc gb diag              70.01 (27.04% of Gen B)
|                Calc gb off-diag         127.14 (49.10% of Gen B)
|             Gen Born time            258.94 (100.0% of Nonbo)
|          Nonbond force            258.94 (99.63% of Force)
|          Bond/Angle/Dihedral        0.94 ( 0.36% of Force)
|       Force time               259.89 (100.0% of Runmd)
|    Runmd Time               259.89 (94.44% of Total)
|    Other                     15.29 ( 5.56% of Total)
| Total time               275.19 (100.0% of ALL  )

| Number of list builds   :          0

| Highest rstack allocated:          0
| Highest istack allocated:          0
|           Job began  at 11:44:31.403  on 09/27/2026
|           Setup done at 11:44:31.479  on 09/27/2026
|           Run   done at 11:49:06.592  on 09/27/2026
|     wallclock() was called    9028 times

|3D-RISM memory allocation summary
|Type          Maximum        Current   
|Integer       0.00000 GB     0.00000 GB
|Real          0.00000 GB     0.00000 GB
|Logical       0.00000 GB     0.00000 GB
|Character     0.00000 GB     0.00000 GB
|---------------------------------------
|Total         0.00000 GB     0.00000 GB
