
          -------------------------------------------------------
          Amber 24 SANDER                              2024
          -------------------------------------------------------

| Run on 09/27/2026 at 13:06:57

|   Executable path: sander
| Working directory: /home/siamchowdhury/chem/s_series/mmgbsa_checks_focused/20sa23_HIP
|          Hostname: Unknown
  [-O]verwriting output

File Assignments:
|  MDIN: min.in                                                                
| MDOUT: min.out                                                               
|INPCRD: complex.inpcrd                                                        
|  PARM: complex.prmtop                                                        
|RESTRT: complex_min.rst7                                                      
|  REFC: complex.inpcrd                                                        
| MDVEL: mdvel                                                                 
| MDFRC: mdfrc                                                                 
|  MDEN: mden                                                                  
| MDCRD: mdcrd                                                                 
|MDINFO: mdinfo                                                                
|  MTMD: mtmd                                                                  
|INPDIP: inpdip                                                                
|RSTDIP: rstdip                                                                
|INPTRA: inptraj                                                               


 Here is the input file:

Minimisation, GB implicit solvent, backbone restrained                         
 &cntrl                                                                        
  imin = 1, maxcyc = 500, ncyc = 200,                                          
  ntb = 0, igb = 5, saltcon = 0.15,                                            
  cut = 999.0, ntpr = 100,                                                     
  ntr = 1, restraint_wt = 5.0,                                                 
  restraintmask = ':1-9999 & @CA,C,N,O',                                       
 /                                                                             

--------------------------------------------------------------------------------
   1.  RESOURCE   USE: 
--------------------------------------------------------------------------------

| Flags:                                                                        
| New format PARM file being parsed.
| Version =    1.000 Date = 09/27/26 Time = 13:06:57
 NATOM  =    4756 NTYPES =      32 NBONH =    2416 MBONA  =    2373
 NTHETH =    5517 MTHETA =    3213 NPHIH =   10755 MPHIA  =   10284
 NHPARM =       0 NPARM  =       0 NNB   =   26279 NRES   =     312
 NBONA  =    2373 NTHETA =    3213 NPHIA =   10284 NUMBND =     101
 NUMANG =     222 NPTRA  =     225 NATYP =      54 NPHB   =       0
 IFBOX  =       0 NMXRS  =      52 IFCAP =       0 NEXTRA =       0
 NCOPY  =       0

 Implicit solvent radii are H(N)-modified Bondi radii (mbondi2)                                             

|     Memory Use     Allocated
|     Real             1176957
|     Hollerith          14582
|     Integer           285831
|     Max Pairs              1
|     nblistReal             0
|     nblist Int             0
|       Total            10368 kbytes

| Note: 1-4 EEL scale factors are being read from the topology file.

| Note: 1-4 VDW scale factors are being read from the topology file.
| Duplicated    0 dihedrals
| Duplicated    0 dihedrals

--------------------------------------------------------------------------------
   2.  CONTROL  DATA  FOR  THE  RUN
--------------------------------------------------------------------------------

default_name                                                                    

General flags:
     imin    =       1, nmropt  =       0

Nature and format of input:
     ntx     =       1, irest   =       0, ntrx    =       1

Nature and format of output:
     ntxo    =       2, ntpr    =     100, ntrx    =       1, ntwr    =       1
     iwrap   =       0, ntwx    =       0, ntwv    =       0, ntwe    =       0
     ioutfm  =       1, ntwprt  =       0, idecomp =       0, rbornstat=      0

Potential function:
     ntf     =       1, ntb     =       0, igb     =       5, nsnb    =      25
     ipol    =       0, gbsa    =       0, iesp    =       0
     dielc   =   1.00000, cut     = 999.00000, intdiel =   1.00000
     saltcon =   0.15000, offset  =   0.09000, gbalpha=    1.00000
     gbbeta  =   0.80000, gbgamma =   4.85000, surften =   0.00500
     rdt     =   0.00000, rgbmax  =  25.00000  extdiel =  78.50000
     alpb  =        0

Frozen or restrained atoms:
     ibelly  =       0, ntr     =       1
     restraint_wt =   5.00000

Energy minimization:
     maxcyc  =     500, ncyc    =     200, ntmin   =       1
     dx0     =   0.01000, drms    =   0.00010
|  INFO: Old style inpcrd file read


    LOADING THE CONSTRAINED ATOMS AS GROUPS


   5.  REFERENCE ATOM COORDINATES

  defa
     Mask :1-9999 & @CA,C,N,O; matches  1243 atoms

--------------------------------------------------------------------------------
   3.  ATOMIC COORDINATES AND VELOCITIES
--------------------------------------------------------------------------------

default_name                                                                    
 begin time read from input coords =     0.000 ps

 Number of triangulated 3-point waters found:        0

--------------------------------------------------------------------------------
   4.  RESULTS
--------------------------------------------------------------------------------



   NSTEP       ENERGY          RMS            GMAX         NAME    NUMBER
      1      -7.5172E+03     9.7502E+00     3.1929E+02     H3       4744

 BOND    =      135.2145  ANGLE   =      523.0030  DIHED      =     3470.5943
 VDWAALS =    -2151.3771  EEL     =   -22850.1275  EGB        =    -3603.5704
 1-4 VDW =     1353.8187  1-4 EEL =    15605.2865  RESTRAINT  =        0.0000


   NSTEP       ENERGY          RMS            GMAX         NAME    NUMBER
    100      -8.8366E+03     4.2472E-01     8.7271E+00     P        4686

 BOND    =      142.7464  ANGLE   =      487.3734  DIHED      =     3455.5226
 VDWAALS =    -2679.7561  EEL     =   -22766.2412  EGB        =    -3671.0022
 1-4 VDW =     1039.8977  1-4 EEL =    15128.6630  RESTRAINT  =       26.1974
 EAMBER  =    -8862.7964


   NSTEP       ENERGY          RMS            GMAX         NAME    NUMBER
    200      -8.9327E+03     4.2043E-01     1.7926E+01     P        4686

 BOND    =      156.9187  ANGLE   =      506.9009  DIHED      =     3450.4644
 VDWAALS =    -2715.9404  EEL     =   -22772.8145  EGB        =    -3673.0823
 1-4 VDW =     1003.4052  1-4 EEL =    15076.5714  RESTRAINT  =       34.8452
 EAMBER  =    -8967.5767


   NSTEP       ENERGY          RMS            GMAX         NAME    NUMBER
    300      -9.0655E+03     4.0553E-01     1.0294E+01     O2       4679

 BOND    =      169.5381  ANGLE   =      523.1324  DIHED      =     3422.3912
 VDWAALS =    -2742.4916  EEL     =   -22831.2270  EGB        =    -3659.4517
 1-4 VDW =      971.8643  1-4 EEL =    15035.2750  RESTRAINT  =       45.4367
 EAMBER  =    -9110.9692


   NSTEP       ENERGY          RMS            GMAX         NAME    NUMBER
    400      -9.0963E+03     4.0439E-01     1.3700E+01     CG       2585

 BOND    =      170.3933  ANGLE   =      523.1843  DIHED      =     3409.4271
 VDWAALS =    -2744.8215  EEL     =   -22849.1791  EGB        =    -3650.9028
 1-4 VDW =      969.2030  1-4 EEL =    15029.6854  RESTRAINT  =       46.7505
 EAMBER  =    -9143.0103


   NSTEP       ENERGY          RMS            GMAX         NAME    NUMBER
    500      -9.1183E+03     2.5254E-01     9.2530E+00     CG       2585

 BOND    =      169.9496  ANGLE   =      523.9785  DIHED      =     3401.0838
 VDWAALS =    -2744.8551  EEL     =   -22866.8467  EGB        =    -3640.4514
 1-4 VDW =      967.6549  1-4 EEL =    15023.4822  RESTRAINT  =       47.6619
 EAMBER  =    -9166.0043


  Maximum number of minimization cycles reached.


                    FINAL RESULTS



   NSTEP       ENERGY          RMS            GMAX         NAME    NUMBER
    500      -9.1183E+03     2.5254E-01     9.2530E+00     CG       2585

 BOND    =      169.9496  ANGLE   =      523.9785  DIHED      =     3401.0838
 VDWAALS =    -2744.8551  EEL     =   -22866.8467  EGB        =    -3640.4514
 1-4 VDW =      967.6549  1-4 EEL =    15023.4822  RESTRAINT  =       47.6619
 EAMBER  =    -9166.0043

--------------------------------------------------------------------------------
   5.  TIMINGS
--------------------------------------------------------------------------------

|                Calc gb radii             62.22 (24.22% of Gen B)
|                Calc gb diag              68.92 (26.83% of Gen B)
|                Calc gb off-diag         125.73 (48.95% of Gen B)
|             Gen Born time            256.87 (100.0% of Nonbo)
|          Nonbond force            256.87 (99.64% of Force)
|          Bond/Angle/Dihedral        0.92 ( 0.36% of Force)
|       Force time               257.81 (100.0% of Runmd)
|    Runmd Time               257.81 (94.32% of Total)
|    Other                     15.52 ( 5.68% of Total)
| Total time               273.34 (100.0% of ALL  )

| Number of list builds   :          0

| Highest rstack allocated:          0
| Highest istack allocated:          0
|           Job began  at 13:06:57.656  on 09/27/2026
|           Setup done at 13:06:57.746  on 09/27/2026
|           Run   done at 13:11:30.991  on 09/27/2026
|     wallclock() was called    9028 times

|3D-RISM memory allocation summary
|Type          Maximum        Current   
|Integer       0.00000 GB     0.00000 GB
|Real          0.00000 GB     0.00000 GB
|Logical       0.00000 GB     0.00000 GB
|Character     0.00000 GB     0.00000 GB
|---------------------------------------
|Total         0.00000 GB     0.00000 GB
