
          -------------------------------------------------------
          Amber 24 SANDER                              2024
          -------------------------------------------------------

| Run on 09/27/2026 at 13:21:46

|   Executable path: sander
| Working directory: /home/siamchowdhury/chem/s_series/mmgbsa_checks_focused/22sa23_HIP
|          Hostname: Unknown
  [-O]verwriting output

File Assignments:
|  MDIN: min.in                                                                
| MDOUT: min.out                                                               
|INPCRD: complex.inpcrd                                                        
|  PARM: complex.prmtop                                                        
|RESTRT: complex_min.rst7                                                      
|  REFC: complex.inpcrd                                                        
| MDVEL: mdvel                                                                 
| MDFRC: mdfrc                                                                 
|  MDEN: mden                                                                  
| MDCRD: mdcrd                                                                 
|MDINFO: mdinfo                                                                
|  MTMD: mtmd                                                                  
|INPDIP: inpdip                                                                
|RSTDIP: rstdip                                                                
|INPTRA: inptraj                                                               


 Here is the input file:

Minimisation, GB implicit solvent, backbone restrained                         
 &cntrl                                                                        
  imin = 1, maxcyc = 500, ncyc = 200,                                          
  ntb = 0, igb = 5, saltcon = 0.15,                                            
  cut = 999.0, ntpr = 100,                                                     
  ntr = 1, restraint_wt = 5.0,                                                 
  restraintmask = ':1-9999 & @CA,C,N,O',                                       
 /                                                                             

--------------------------------------------------------------------------------
   1.  RESOURCE   USE: 
--------------------------------------------------------------------------------

| Flags:                                                                        
| New format PARM file being parsed.
| Version =    1.000 Date = 09/27/26 Time = 13:21:46
 NATOM  =    4759 NTYPES =      31 NBONH =    2416 MBONA  =    2376
 NTHETH =    5517 MTHETA =    3219 NPHIH =   10754 MPHIA  =   10291
 NHPARM =       0 NPARM  =       0 NNB   =   26293 NRES   =     312
 NBONA  =    2376 NTHETA =    3219 NPHIA =   10291 NUMBND =     101
 NUMANG =     223 NPTRA  =     225 NATYP =      53 NPHB   =       0
 IFBOX  =       0 NMXRS  =      52 IFCAP =       0 NEXTRA =       0
 NCOPY  =       0

 Implicit solvent radii are H(N)-modified Bondi radii (mbondi2)                                             

|     Memory Use     Allocated
|     Real             1177160
|     Hollerith          14591
|     Integer           285895
|     Max Pairs              1
|     nblistReal             0
|     nblist Int             0
|       Total            10370 kbytes

| Note: 1-4 EEL scale factors are being read from the topology file.

| Note: 1-4 VDW scale factors are being read from the topology file.
| Duplicated    0 dihedrals
| Duplicated    0 dihedrals

--------------------------------------------------------------------------------
   2.  CONTROL  DATA  FOR  THE  RUN
--------------------------------------------------------------------------------

default_name                                                                    

General flags:
     imin    =       1, nmropt  =       0

Nature and format of input:
     ntx     =       1, irest   =       0, ntrx    =       1

Nature and format of output:
     ntxo    =       2, ntpr    =     100, ntrx    =       1, ntwr    =       1
     iwrap   =       0, ntwx    =       0, ntwv    =       0, ntwe    =       0
     ioutfm  =       1, ntwprt  =       0, idecomp =       0, rbornstat=      0

Potential function:
     ntf     =       1, ntb     =       0, igb     =       5, nsnb    =      25
     ipol    =       0, gbsa    =       0, iesp    =       0
     dielc   =   1.00000, cut     = 999.00000, intdiel =   1.00000
     saltcon =   0.15000, offset  =   0.09000, gbalpha=    1.00000
     gbbeta  =   0.80000, gbgamma =   4.85000, surften =   0.00500
     rdt     =   0.00000, rgbmax  =  25.00000  extdiel =  78.50000
     alpb  =        0

Frozen or restrained atoms:
     ibelly  =       0, ntr     =       1
     restraint_wt =   5.00000

Energy minimization:
     maxcyc  =     500, ncyc    =     200, ntmin   =       1
     dx0     =   0.01000, drms    =   0.00010
|  INFO: Old style inpcrd file read


    LOADING THE CONSTRAINED ATOMS AS GROUPS


   5.  REFERENCE ATOM COORDINATES

  defa
     Mask :1-9999 & @CA,C,N,O; matches  1243 atoms

--------------------------------------------------------------------------------
   3.  ATOMIC COORDINATES AND VELOCITIES
--------------------------------------------------------------------------------

default_name                                                                    
 begin time read from input coords =     0.000 ps

 Number of triangulated 3-point waters found:        0

--------------------------------------------------------------------------------
   4.  RESULTS
--------------------------------------------------------------------------------



   NSTEP       ENERGY          RMS            GMAX         NAME    NUMBER
      1      -7.2329E+03     2.5978E+01     1.9484E+03     H13      4757

 BOND    =      134.6271  ANGLE   =      522.9137  DIHED      =     3471.6610
 VDWAALS =    -1919.7534  EEL     =   -22817.3628  EGB        =    -3644.7052
 1-4 VDW =     1354.4586  1-4 EEL =    15665.2892  RESTRAINT  =        0.0000


   NSTEP       ENERGY          RMS            GMAX         NAME    NUMBER
    100      -8.7794E+03     1.4291E+00     8.5723E+01     C1       4712

 BOND    =      147.5274  ANGLE   =      489.3454  DIHED      =     3458.7445
 VDWAALS =    -2683.1295  EEL     =   -22758.6001  EGB        =    -3698.0296
 1-4 VDW =     1045.9164  1-4 EEL =    15193.8099  RESTRAINT  =       25.0533
 EAMBER  =    -8804.4157


   NSTEP       ENERGY          RMS            GMAX         NAME    NUMBER
    200      -8.8908E+03     2.6381E-01     6.3830E+00     H12      4702

 BOND    =      155.8057  ANGLE   =      510.1679  DIHED      =     3453.1623
 VDWAALS =    -2722.5414  EEL     =   -22761.0289  EGB        =    -3701.7095
 1-4 VDW =     1005.7797  1-4 EEL =    15135.3459  RESTRAINT  =       34.2447
 EAMBER  =    -8925.0184


   NSTEP       ENERGY          RMS            GMAX         NAME    NUMBER
    300      -9.0295E+03     3.4281E-01     7.2241E+00     C10      4674

 BOND    =      170.3352  ANGLE   =      528.7552  DIHED      =     3426.2916
 VDWAALS =    -2752.6251  EEL     =   -22821.0916  EGB        =    -3687.1609
 1-4 VDW =      973.0663  1-4 EEL =    15087.7037  RESTRAINT  =       45.2262
 EAMBER  =    -9074.7254


   NSTEP       ENERGY          RMS            GMAX         NAME    NUMBER
    400      -9.0605E+03     2.6417E-01     5.4324E+00     HG23      933

 BOND    =      170.3483  ANGLE   =      528.3287  DIHED      =     3416.1325
 VDWAALS =    -2756.2150  EEL     =   -22848.1856  EGB        =    -3670.5757
 1-4 VDW =      970.1795  1-4 EEL =    15083.3156  RESTRAINT  =       46.1251
 EAMBER  =    -9106.6716


   NSTEP       ENERGY          RMS            GMAX         NAME    NUMBER
    500      -9.0830E+03     1.4366E-01     3.4473E+00     C12      4677

 BOND    =      170.7194  ANGLE   =      528.9652  DIHED      =     3406.5138
 VDWAALS =    -2759.9112  EEL     =   -22860.5322  EGB        =    -3661.0833
 1-4 VDW =      968.2329  1-4 EEL =    15076.8475  RESTRAINT  =       47.2763
 EAMBER  =    -9130.2478


  Maximum number of minimization cycles reached.


                    FINAL RESULTS



   NSTEP       ENERGY          RMS            GMAX         NAME    NUMBER
    500      -9.0830E+03     1.4366E-01     3.4473E+00     C12      4677

 BOND    =      170.7194  ANGLE   =      528.9652  DIHED      =     3406.5138
 VDWAALS =    -2759.9112  EEL     =   -22860.5322  EGB        =    -3661.0833
 1-4 VDW =      968.2329  1-4 EEL =    15076.8475  RESTRAINT  =       47.2763
 EAMBER  =    -9130.2478

--------------------------------------------------------------------------------
   5.  TIMINGS
--------------------------------------------------------------------------------

|                Calc gb radii            106.83 (21.74% of Gen B)
|                Calc gb diag             135.50 (27.57% of Gen B)
|                Calc gb off-diag         249.11 (50.69% of Gen B)
|             Gen Born time            491.44 (100.0% of Nonbo)
|          Nonbond force            491.44 (99.64% of Force)
|          Bond/Angle/Dihedral        1.75 ( 0.36% of Force)
|       Force time               493.21 (100.0% of Runmd)
|    Runmd Time               493.21 (95.23% of Total)
|    Other                     24.71 ( 4.77% of Total)
| Total time               517.93 (100.0% of ALL  )

| Number of list builds   :          0

| Highest rstack allocated:          0
| Highest istack allocated:          0
|           Job began  at 13:21:46.513  on 09/27/2026
|           Setup done at 13:21:46.689  on 09/27/2026
|           Run   done at 13:30:24.440  on 09/27/2026
|     wallclock() was called    9028 times

|3D-RISM memory allocation summary
|Type          Maximum        Current   
|Integer       0.00000 GB     0.00000 GB
|Real          0.00000 GB     0.00000 GB
|Logical       0.00000 GB     0.00000 GB
|Character     0.00000 GB     0.00000 GB
|---------------------------------------
|Total         0.00000 GB     0.00000 GB
