
          -------------------------------------------------------
          Amber 24 SANDER                              2024
          -------------------------------------------------------

| Run on 09/27/2026 at 03:42:12

|   Executable path: sander
| Working directory: /home/siamchowdhury/chem/s_series/mmgbsa_checks_focused/9sa23_HIP
|          Hostname: Unknown
  [-O]verwriting output

File Assignments:
|  MDIN: min.in                                                                
| MDOUT: min.out                                                               
|INPCRD: complex.inpcrd                                                        
|  PARM: complex.prmtop                                                        
|RESTRT: complex_min.rst7                                                      
|  REFC: complex.inpcrd                                                        
| MDVEL: mdvel                                                                 
| MDFRC: mdfrc                                                                 
|  MDEN: mden                                                                  
| MDCRD: mdcrd                                                                 
|MDINFO: mdinfo                                                                
|  MTMD: mtmd                                                                  
|INPDIP: inpdip                                                                
|RSTDIP: rstdip                                                                
|INPTRA: inptraj                                                               


 Here is the input file:

Minimisation, GB implicit solvent, backbone restrained                         
 &cntrl                                                                        
  imin = 1, maxcyc = 500, ncyc = 200,                                          
  ntb = 0, igb = 5, saltcon = 0.15,                                            
  cut = 999.0, ntpr = 100,                                                     
  ntr = 1, restraint_wt = 5.0,                                                 
  restraintmask = ':1-9999 & @CA,C,N,O',                                       
 /                                                                             

--------------------------------------------------------------------------------
   1.  RESOURCE   USE: 
--------------------------------------------------------------------------------

| Flags:                                                                        
| New format PARM file being parsed.
| Version =    1.000 Date = 09/27/26 Time = 03:42:12
 NATOM  =    4756 NTYPES =      32 NBONH =    2417 MBONA  =    2372
 NTHETH =    5519 MTHETA =    3211 NPHIH =   10758 MPHIA  =   10281
 NHPARM =       0 NPARM  =       0 NNB   =   26278 NRES   =     312
 NBONA  =    2372 NTHETA =    3211 NPHIA =   10281 NUMBND =     101
 NUMANG =     222 NPTRA  =     225 NATYP =      54 NPHB   =       0
 IFBOX  =       0 NMXRS  =      52 IFCAP =       0 NEXTRA =       0
 NCOPY  =       0

 Implicit solvent radii are H(N)-modified Bondi radii (mbondi2)                                             

|     Memory Use     Allocated
|     Real             1176957
|     Hollerith          14582
|     Integer           285829
|     Max Pairs              1
|     nblistReal             0
|     nblist Int             0
|       Total            10368 kbytes

| Note: 1-4 EEL scale factors are being read from the topology file.

| Note: 1-4 VDW scale factors are being read from the topology file.
| Duplicated    0 dihedrals
| Duplicated    0 dihedrals

--------------------------------------------------------------------------------
   2.  CONTROL  DATA  FOR  THE  RUN
--------------------------------------------------------------------------------

default_name                                                                    

General flags:
     imin    =       1, nmropt  =       0

Nature and format of input:
     ntx     =       1, irest   =       0, ntrx    =       1

Nature and format of output:
     ntxo    =       2, ntpr    =     100, ntrx    =       1, ntwr    =       1
     iwrap   =       0, ntwx    =       0, ntwv    =       0, ntwe    =       0
     ioutfm  =       1, ntwprt  =       0, idecomp =       0, rbornstat=      0

Potential function:
     ntf     =       1, ntb     =       0, igb     =       5, nsnb    =      25
     ipol    =       0, gbsa    =       0, iesp    =       0
     dielc   =   1.00000, cut     = 999.00000, intdiel =   1.00000
     saltcon =   0.15000, offset  =   0.09000, gbalpha=    1.00000
     gbbeta  =   0.80000, gbgamma =   4.85000, surften =   0.00500
     rdt     =   0.00000, rgbmax  =  25.00000  extdiel =  78.50000
     alpb  =        0

Frozen or restrained atoms:
     ibelly  =       0, ntr     =       1
     restraint_wt =   5.00000

Energy minimization:
     maxcyc  =     500, ncyc    =     200, ntmin   =       1
     dx0     =   0.01000, drms    =   0.00010
|  INFO: Old style inpcrd file read


    LOADING THE CONSTRAINED ATOMS AS GROUPS


   5.  REFERENCE ATOM COORDINATES

  defa
     Mask :1-9999 & @CA,C,N,O; matches  1243 atoms

--------------------------------------------------------------------------------
   3.  ATOMIC COORDINATES AND VELOCITIES
--------------------------------------------------------------------------------

default_name                                                                    
 begin time read from input coords =     0.000 ps

 Number of triangulated 3-point waters found:        0

--------------------------------------------------------------------------------
   4.  RESULTS
--------------------------------------------------------------------------------



   NSTEP       ENERGY          RMS            GMAX         NAME    NUMBER
      1      -7.4834E+03     9.3070E+00     2.6416E+02     HB3      1466

 BOND    =      134.6086  ANGLE   =      522.9541  DIHED      =     3467.3516
 VDWAALS =    -2155.6843  EEL     =   -22783.7034  EGB        =    -3651.8441
 1-4 VDW =     1354.2683  1-4 EEL =    15628.6347  RESTRAINT  =        0.0000


   NSTEP       ENERGY          RMS            GMAX         NAME    NUMBER
    100      -8.8108E+03     4.2151E-01     6.6784E+00     HG1      2832

 BOND    =      142.7652  ANGLE   =      488.4053  DIHED      =     3453.0547
 VDWAALS =    -2686.7279  EEL     =   -22716.7642  EGB        =    -3706.7995
 1-4 VDW =     1039.5679  1-4 EEL =    15149.0843  RESTRAINT  =       26.5762
 EAMBER  =    -8837.4141


   NSTEP       ENERGY          RMS            GMAX         NAME    NUMBER
    200      -8.9093E+03     2.5624E-01     6.4029E+00     HG1       935

 BOND    =      156.2267  ANGLE   =      507.7401  DIHED      =     3448.4347
 VDWAALS =    -2723.3461  EEL     =   -22724.3800  EGB        =    -3708.1319
 1-4 VDW =     1002.8365  1-4 EEL =    15096.0923  RESTRAINT  =       35.1812
 EAMBER  =    -8944.5276


   NSTEP       ENERGY          RMS            GMAX         NAME    NUMBER
    300      -9.0389E+03     3.6815E-01     9.3606E+00     H11      4701

 BOND    =      168.5651  ANGLE   =      526.7504  DIHED      =     3422.6812
 VDWAALS =    -2750.9612  EEL     =   -22785.3146  EGB        =    -3691.1069
 1-4 VDW =      971.4875  1-4 EEL =    15053.4682  RESTRAINT  =       45.5020
 EAMBER  =    -9084.4303


   NSTEP       ENERGY          RMS            GMAX         NAME    NUMBER
    400      -9.0643E+03     2.8569E-01     7.6845E+00     H11      4701

 BOND    =      169.3553  ANGLE   =      526.4087  DIHED      =     3413.4179
 VDWAALS =    -2752.6559  EEL     =   -22805.7485  EGB        =    -3679.7715
 1-4 VDW =      968.4307  1-4 EEL =    15049.9631  RESTRAINT  =       46.3455
 EAMBER  =    -9110.6002


   NSTEP       ENERGY          RMS            GMAX         NAME    NUMBER
    500      -9.0803E+03     2.0427E-01     6.8818E+00     CD       2212

 BOND    =      170.0939  ANGLE   =      527.4685  DIHED      =     3405.8548
 VDWAALS =    -2754.8463  EEL     =   -22816.2554  EGB        =    -3672.0113
 1-4 VDW =      966.9685  1-4 EEL =    15045.4938  RESTRAINT  =       46.9689
 EAMBER  =    -9127.2335


  Maximum number of minimization cycles reached.


                    FINAL RESULTS



   NSTEP       ENERGY          RMS            GMAX         NAME    NUMBER
    500      -9.0803E+03     2.0427E-01     6.8818E+00     CD       2212

 BOND    =      170.0939  ANGLE   =      527.4685  DIHED      =     3405.8548
 VDWAALS =    -2754.8463  EEL     =   -22816.2554  EGB        =    -3672.0113
 1-4 VDW =      966.9685  1-4 EEL =    15045.4938  RESTRAINT  =       46.9689
 EAMBER  =    -9127.2335

--------------------------------------------------------------------------------
   5.  TIMINGS
--------------------------------------------------------------------------------

|                Calc gb radii            127.76 (34.40% of Gen B)
|                Calc gb diag              85.10 (22.91% of Gen B)
|                Calc gb off-diag         158.52 (42.68% of Gen B)
|             Gen Born time            371.38 (100.0% of Nonbo)
|          Nonbond force            371.38 (99.69% of Force)
|          Bond/Angle/Dihedral        1.13 ( 0.30% of Force)
|       Force time               372.53 (100.0% of Runmd)
|    Runmd Time               372.53 (94.26% of Total)
|    Other                     22.69 ( 5.74% of Total)
| Total time               395.22 (100.0% of ALL  )

| Number of list builds   :          0

| Highest rstack allocated:          0
| Highest istack allocated:          0
|           Job began  at 03:42:12.402  on 09/27/2026
|           Setup done at 03:42:12.535  on 09/27/2026
|           Run   done at 03:48:47.625  on 09/27/2026
|     wallclock() was called    9028 times

|3D-RISM memory allocation summary
|Type          Maximum        Current   
|Integer       0.00000 GB     0.00000 GB
|Real          0.00000 GB     0.00000 GB
|Logical       0.00000 GB     0.00000 GB
|Character     0.00000 GB     0.00000 GB
|---------------------------------------
|Total         0.00000 GB     0.00000 GB
