
          -------------------------------------------------------
          Amber 24 SANDER                              2024
          -------------------------------------------------------

| Run on 09/25/2026 at 04:16:45

|   Executable path: sander
| Working directory: /home/siamchowdhury/chem/s_series/mmgbsa_focused/5sa23
|          Hostname: Unknown
  [-O]verwriting output

File Assignments:
|  MDIN: min.in                                                                
| MDOUT: min.out                                                               
|INPCRD: complex.inpcrd                                                        
|  PARM: complex.prmtop                                                        
|RESTRT: complex_min.rst7                                                      
|  REFC: complex.inpcrd                                                        
| MDVEL: mdvel                                                                 
| MDFRC: mdfrc                                                                 
|  MDEN: mden                                                                  
| MDCRD: mdcrd                                                                 
|MDINFO: mdinfo                                                                
|  MTMD: mtmd                                                                  
|INPDIP: inpdip                                                                
|RSTDIP: rstdip                                                                
|INPTRA: inptraj                                                               


 Here is the input file:

Minimisation of the docked complex, GB implicit solvent                        
 &cntrl                                                                        
  imin = 1, maxcyc = 500, ncyc = 200,                                          
  ntb = 0, igb = 5, saltcon = 0.15,                                            
  cut = 999.0, ntpr = 100,                                                     
  ntr = 1, restraint_wt = 5.0,                                                 
  restraintmask = ':1-9999 & @CA,C,N,O',                                       
 /                                                                             

--------------------------------------------------------------------------------
   1.  RESOURCE   USE: 
--------------------------------------------------------------------------------

| Flags:                                                                        
| New format PARM file being parsed.
| Version =    1.000 Date = 09/25/26 Time = 04:16:45
 NATOM  =    4755 NTYPES =      31 NBONH =    2416 MBONA  =    2372
 NTHETH =    5517 MTHETA =    3211 NPHIH =   10753 MPHIA  =   10281
 NHPARM =       0 NPARM  =       0 NNB   =   26271 NRES   =     312
 NBONA  =    2372 NTHETA =    3211 NPHIA =   10281 NUMBND =      99
 NUMANG =     216 NPTRA  =     220 NATYP =      53 NPHB   =       0
 IFBOX  =       0 NMXRS  =      52 IFCAP =       0 NEXTRA =       0
 NCOPY  =       0

 Implicit solvent radii are H(N)-modified Bondi radii (mbondi2)                                             

|     Memory Use     Allocated
|     Real             1176804
|     Hollerith          14579
|     Integer           285704
|     Max Pairs              1
|     nblistReal             0
|     nblist Int             0
|       Total            10366 kbytes

| Note: 1-4 EEL scale factors are being read from the topology file.

| Note: 1-4 VDW scale factors are being read from the topology file.
| Duplicated    0 dihedrals
| Duplicated    0 dihedrals

--------------------------------------------------------------------------------
   2.  CONTROL  DATA  FOR  THE  RUN
--------------------------------------------------------------------------------

default_name                                                                    

General flags:
     imin    =       1, nmropt  =       0

Nature and format of input:
     ntx     =       1, irest   =       0, ntrx    =       1

Nature and format of output:
     ntxo    =       2, ntpr    =     100, ntrx    =       1, ntwr    =       1
     iwrap   =       0, ntwx    =       0, ntwv    =       0, ntwe    =       0
     ioutfm  =       1, ntwprt  =       0, idecomp =       0, rbornstat=      0

Potential function:
     ntf     =       1, ntb     =       0, igb     =       5, nsnb    =      25
     ipol    =       0, gbsa    =       0, iesp    =       0
     dielc   =   1.00000, cut     = 999.00000, intdiel =   1.00000
     saltcon =   0.15000, offset  =   0.09000, gbalpha=    1.00000
     gbbeta  =   0.80000, gbgamma =   4.85000, surften =   0.00500
     rdt     =   0.00000, rgbmax  =  25.00000  extdiel =  78.50000
     alpb  =        0

Frozen or restrained atoms:
     ibelly  =       0, ntr     =       1
     restraint_wt =   5.00000

Energy minimization:
     maxcyc  =     500, ncyc    =     200, ntmin   =       1
     dx0     =   0.01000, drms    =   0.00010
|  INFO: Old style inpcrd file read


    LOADING THE CONSTRAINED ATOMS AS GROUPS


   5.  REFERENCE ATOM COORDINATES

  defa
     Mask :1-9999 & @CA,C,N,O; matches  1243 atoms

--------------------------------------------------------------------------------
   3.  ATOMIC COORDINATES AND VELOCITIES
--------------------------------------------------------------------------------

default_name                                                                    
 begin time read from input coords =     0.000 ps

 Number of triangulated 3-point waters found:        0

--------------------------------------------------------------------------------
   4.  RESULTS
--------------------------------------------------------------------------------



   NSTEP       ENERGY          RMS            GMAX         NAME    NUMBER
      1      -7.5412E+03     8.7019E+00     1.8297E+02     HD21     3806

 BOND    =      134.6896  ANGLE   =      520.6867  DIHED      =     3471.9620
 VDWAALS =    -2201.6490  EEL     =   -22648.7804  EGB        =    -3752.7096
 1-4 VDW =     1353.6977  1-4 EEL =    15580.9352  RESTRAINT  =        0.0000


   NSTEP       ENERGY          RMS            GMAX         NAME    NUMBER
    100      -8.8245E+03     1.3232E+00     9.4200E+01     P        4685

 BOND    =      147.1967  ANGLE   =      484.6666  DIHED      =     3458.5475
 VDWAALS =    -2689.7953  EEL     =   -22587.5279  EGB        =    -3801.4074
 1-4 VDW =     1038.4234  1-4 EEL =    15098.9300  RESTRAINT  =       26.4673
 EAMBER  =    -8850.9664


   NSTEP       ENERGY          RMS            GMAX         NAME    NUMBER
    200      -8.9260E+03     2.5899E-01     6.9488E+00     P        4685

 BOND    =      155.8964  ANGLE   =      504.6634  DIHED      =     3453.3269
 VDWAALS =    -2724.2873  EEL     =   -22598.8360  EGB        =    -3799.4907
 1-4 VDW =     1001.9211  1-4 EEL =    15045.7144  RESTRAINT  =       35.1405
 EAMBER  =    -8961.0917


   NSTEP       ENERGY          RMS            GMAX         NAME    NUMBER
    300      -9.0536E+03     3.4409E-01     8.9173E+00     P        4685

 BOND    =      168.1057  ANGLE   =      523.8913  DIHED      =     3426.7678
 VDWAALS =    -2750.7001  EEL     =   -22658.9669  EGB        =    -3781.6093
 1-4 VDW =      971.3072  1-4 EEL =    15001.9577  RESTRAINT  =       45.6240
 EAMBER  =    -9099.2467


   NSTEP       ENERGY          RMS            GMAX         NAME    NUMBER
    400      -9.0803E+03     1.9732E-01     4.6271E+00     H11      4700

 BOND    =      169.0152  ANGLE   =      523.2936  DIHED      =     3416.6592
 VDWAALS =    -2752.1876  EEL     =   -22679.1924  EGB        =    -3770.2785
 1-4 VDW =      968.1686  1-4 EEL =    14997.5898  RESTRAINT  =       46.5912
 EAMBER  =    -9126.9321


   NSTEP       ENERGY          RMS            GMAX         NAME    NUMBER
    500      -9.0993E+03     1.5548E-01     3.9693E+00     CD        845

 BOND    =      169.8030  ANGLE   =      524.2890  DIHED      =     3407.2168
 VDWAALS =    -2754.5939  EEL     =   -22692.2820  EGB        =    -3759.9912
 1-4 VDW =      966.5914  1-4 EEL =    14992.3287  RESTRAINT  =       47.2944
 EAMBER  =    -9146.6383


  Maximum number of minimization cycles reached.


                    FINAL RESULTS



   NSTEP       ENERGY          RMS            GMAX         NAME    NUMBER
    500      -9.0993E+03     1.5548E-01     3.9693E+00     CD        845

 BOND    =      169.8030  ANGLE   =      524.2890  DIHED      =     3407.2168
 VDWAALS =    -2754.5939  EEL     =   -22692.2820  EGB        =    -3759.9912
 1-4 VDW =      966.5914  1-4 EEL =    14992.3287  RESTRAINT  =       47.2944
 EAMBER  =    -9146.6383

--------------------------------------------------------------------------------
   5.  TIMINGS
--------------------------------------------------------------------------------

|                Calc gb radii             90.89 (21.13% of Gen B)
|                Calc gb diag             118.97 (27.66% of Gen B)
|                Calc gb off-diag         220.26 (51.21% of Gen B)
|             Gen Born time            430.12 (100.0% of Nonbo)
|          Nonbond force            430.12 (99.64% of Force)
|          Bond/Angle/Dihedral        1.53 ( 0.35% of Force)
|       Force time               431.66 (100.0% of Runmd)
|    Runmd Time               431.66 (94.78% of Total)
|    Other                     23.77 ( 5.22% of Total)
| Total time               455.44 (100.0% of ALL  )

| Number of list builds   :          0

| Highest rstack allocated:          0
| Highest istack allocated:          0
|           Job began  at 04:16:45.343  on 09/25/2026
|           Setup done at 04:16:45.447  on 09/25/2026
|           Run   done at 04:24:20.785  on 09/25/2026
|     wallclock() was called    9028 times

|3D-RISM memory allocation summary
|Type          Maximum        Current   
|Integer       0.00000 GB     0.00000 GB
|Real          0.00000 GB     0.00000 GB
|Logical       0.00000 GB     0.00000 GB
|Character     0.00000 GB     0.00000 GB
|---------------------------------------
|Total         0.00000 GB     0.00000 GB
