
          -------------------------------------------------------
          Amber 24 SANDER                              2024
          -------------------------------------------------------

| Run on 09/27/2026 at 13:12:13

|   Executable path: sander
| Working directory: /home/siamchowdhury/chem/s_series/mmgbsa_checks_focused/25sa23_HIP
|          Hostname: Unknown
  [-O]verwriting output

File Assignments:
|  MDIN: min.in                                                                
| MDOUT: min.out                                                               
|INPCRD: complex.inpcrd                                                        
|  PARM: complex.prmtop                                                        
|RESTRT: complex_min.rst7                                                      
|  REFC: complex.inpcrd                                                        
| MDVEL: mdvel                                                                 
| MDFRC: mdfrc                                                                 
|  MDEN: mden                                                                  
| MDCRD: mdcrd                                                                 
|MDINFO: mdinfo                                                                
|  MTMD: mtmd                                                                  
|INPDIP: inpdip                                                                
|RSTDIP: rstdip                                                                
|INPTRA: inptraj                                                               


 Here is the input file:

Minimisation, GB implicit solvent, backbone restrained                         
 &cntrl                                                                        
  imin = 1, maxcyc = 500, ncyc = 200,                                          
  ntb = 0, igb = 5, saltcon = 0.15,                                            
  cut = 999.0, ntpr = 100,                                                     
  ntr = 1, restraint_wt = 5.0,                                                 
  restraintmask = ':1-9999 & @CA,C,N,O',                                       
 /                                                                             

--------------------------------------------------------------------------------
   1.  RESOURCE   USE: 
--------------------------------------------------------------------------------

| Flags:                                                                        
| New format PARM file being parsed.
| Version =    1.000 Date = 09/27/26 Time = 13:12:13
 NATOM  =    4759 NTYPES =      31 NBONH =    2416 MBONA  =    2376
 NTHETH =    5517 MTHETA =    3219 NPHIH =   10755 MPHIA  =   10290
 NHPARM =       0 NPARM  =       0 NNB   =   26294 NRES   =     312
 NBONA  =    2376 NTHETA =    3219 NPHIA =   10290 NUMBND =     101
 NUMANG =     223 NPTRA  =     225 NATYP =      53 NPHB   =       0
 IFBOX  =       0 NMXRS  =      52 IFCAP =       0 NEXTRA =       0
 NCOPY  =       0

 Implicit solvent radii are H(N)-modified Bondi radii (mbondi2)                                             

|     Memory Use     Allocated
|     Real             1177160
|     Hollerith          14591
|     Integer           285897
|     Max Pairs              1
|     nblistReal             0
|     nblist Int             0
|       Total            10370 kbytes

| Note: 1-4 EEL scale factors are being read from the topology file.

| Note: 1-4 VDW scale factors are being read from the topology file.
| Duplicated    0 dihedrals
| Duplicated    0 dihedrals

--------------------------------------------------------------------------------
   2.  CONTROL  DATA  FOR  THE  RUN
--------------------------------------------------------------------------------

default_name                                                                    

General flags:
     imin    =       1, nmropt  =       0

Nature and format of input:
     ntx     =       1, irest   =       0, ntrx    =       1

Nature and format of output:
     ntxo    =       2, ntpr    =     100, ntrx    =       1, ntwr    =       1
     iwrap   =       0, ntwx    =       0, ntwv    =       0, ntwe    =       0
     ioutfm  =       1, ntwprt  =       0, idecomp =       0, rbornstat=      0

Potential function:
     ntf     =       1, ntb     =       0, igb     =       5, nsnb    =      25
     ipol    =       0, gbsa    =       0, iesp    =       0
     dielc   =   1.00000, cut     = 999.00000, intdiel =   1.00000
     saltcon =   0.15000, offset  =   0.09000, gbalpha=    1.00000
     gbbeta  =   0.80000, gbgamma =   4.85000, surften =   0.00500
     rdt     =   0.00000, rgbmax  =  25.00000  extdiel =  78.50000
     alpb  =        0

Frozen or restrained atoms:
     ibelly  =       0, ntr     =       1
     restraint_wt =   5.00000

Energy minimization:
     maxcyc  =     500, ncyc    =     200, ntmin   =       1
     dx0     =   0.01000, drms    =   0.00010
|  INFO: Old style inpcrd file read


    LOADING THE CONSTRAINED ATOMS AS GROUPS


   5.  REFERENCE ATOM COORDINATES

  defa
     Mask :1-9999 & @CA,C,N,O; matches  1243 atoms

--------------------------------------------------------------------------------
   3.  ATOMIC COORDINATES AND VELOCITIES
--------------------------------------------------------------------------------

default_name                                                                    
 begin time read from input coords =     0.000 ps

 Number of triangulated 3-point waters found:        0

--------------------------------------------------------------------------------
   4.  RESULTS
--------------------------------------------------------------------------------



   NSTEP       ENERGY          RMS            GMAX         NAME    NUMBER
      1      -7.5247E+03     8.9219E+00     1.8297E+02     HD21     3807

 BOND    =      134.5023  ANGLE   =      522.3341  DIHED      =     3476.3809
 VDWAALS =    -2182.1029  EEL     =   -22884.8005  EGB        =    -3603.4559
 1-4 VDW =     1353.5408  1-4 EEL =    15658.8723  RESTRAINT  =        0.0000


   NSTEP       ENERGY          RMS            GMAX         NAME    NUMBER
    100      -8.8198E+03     4.1558E-01     6.6388E+00     HG1      4304

 BOND    =      142.5525  ANGLE   =      486.7333  DIHED      =     3462.5104
 VDWAALS =    -2684.6845  EEL     =   -22804.2798  EGB        =    -3669.4851
 1-4 VDW =     1039.0942  1-4 EEL =    15181.4754  RESTRAINT  =       26.2359
 EAMBER  =    -8846.0836


   NSTEP       ENERGY          RMS            GMAX         NAME    NUMBER
    200      -8.9157E+03     4.2151E-01     1.7359E+01     P        4686

 BOND    =      156.7087  ANGLE   =      506.2488  DIHED      =     3457.3295
 VDWAALS =    -2720.1659  EEL     =   -22812.4212  EGB        =    -3670.4913
 1-4 VDW =     1002.8644  1-4 EEL =    15129.4453  RESTRAINT  =       34.7446
 EAMBER  =    -8950.4818


   NSTEP       ENERGY          RMS            GMAX         NAME    NUMBER
    300      -9.0449E+03     3.2319E-01     1.0244E+01     H11      4701

 BOND    =      168.6521  ANGLE   =      523.9295  DIHED      =     3430.6303
 VDWAALS =    -2746.1264  EEL     =   -22869.6835  EGB        =    -3655.4808
 1-4 VDW =      971.5076  1-4 EEL =    15086.3834  RESTRAINT  =       45.2448
 EAMBER  =    -9090.1878


   NSTEP       ENERGY          RMS            GMAX         NAME    NUMBER
    400      -9.0740E+03     1.4671E-01     2.8674E+00     O2       4679

 BOND    =      169.5125  ANGLE   =      523.3693  DIHED      =     3419.1150
 VDWAALS =    -2747.6432  EEL     =   -22886.3127  EGB        =    -3648.6543
 1-4 VDW =      968.8725  1-4 EEL =    15081.5430  RESTRAINT  =       46.2346
 EAMBER  =    -9120.1979


   NSTEP       ENERGY          RMS            GMAX         NAME    NUMBER
    500      -9.0928E+03     1.2999E-01     2.4957E+00     H11      4701

 BOND    =      170.3712  ANGLE   =      524.4853  DIHED      =     3408.3585
 VDWAALS =    -2749.5657  EEL     =   -22891.4827  EGB        =    -3645.6143
 1-4 VDW =      967.6130  1-4 EEL =    15075.9598  RESTRAINT  =       47.0852
 EAMBER  =    -9139.8750


  Maximum number of minimization cycles reached.


                    FINAL RESULTS



   NSTEP       ENERGY          RMS            GMAX         NAME    NUMBER
    500      -9.0928E+03     1.2999E-01     2.4957E+00     H11      4701

 BOND    =      170.3712  ANGLE   =      524.4853  DIHED      =     3408.3585
 VDWAALS =    -2749.5657  EEL     =   -22891.4827  EGB        =    -3645.6143
 1-4 VDW =      967.6130  1-4 EEL =    15075.9598  RESTRAINT  =       47.0852
 EAMBER  =    -9139.8750

--------------------------------------------------------------------------------
   5.  TIMINGS
--------------------------------------------------------------------------------

|                Calc gb radii            103.16 (20.43% of Gen B)
|                Calc gb diag             130.82 (25.90% of Gen B)
|                Calc gb off-diag         271.05 (53.67% of Gen B)
|             Gen Born time            505.04 (100.0% of Nonbo)
|          Nonbond force            505.04 (99.65% of Force)
|          Bond/Angle/Dihedral        1.74 ( 0.34% of Force)
|       Force time               506.80 (100.0% of Runmd)
|    Runmd Time               506.80 (95.36% of Total)
|    Other                     24.66 ( 4.64% of Total)
| Total time               531.46 (100.0% of ALL  )

| Number of list builds   :          0

| Highest rstack allocated:          0
| Highest istack allocated:          0
|           Job began  at 13:12:13.690  on 09/27/2026
|           Setup done at 13:12:13.867  on 09/27/2026
|           Run   done at 13:21:05.155  on 09/27/2026
|     wallclock() was called    9028 times

|3D-RISM memory allocation summary
|Type          Maximum        Current   
|Integer       0.00000 GB     0.00000 GB
|Real          0.00000 GB     0.00000 GB
|Logical       0.00000 GB     0.00000 GB
|Character     0.00000 GB     0.00000 GB
|---------------------------------------
|Total         0.00000 GB     0.00000 GB
