
          -------------------------------------------------------
          Amber 24 SANDER                              2024
          -------------------------------------------------------

| Run on 09/27/2026 at 03:35:56

|   Executable path: sander
| Working directory: /home/siamchowdhury/chem/s_series/mmgbsa_checks_focused/XCJ_HIP
|          Hostname: Unknown
  [-O]verwriting output

File Assignments:
|  MDIN: min.in                                                                
| MDOUT: min.out                                                               
|INPCRD: complex.inpcrd                                                        
|  PARM: complex.prmtop                                                        
|RESTRT: complex_min.rst7                                                      
|  REFC: complex.inpcrd                                                        
| MDVEL: mdvel                                                                 
| MDFRC: mdfrc                                                                 
|  MDEN: mden                                                                  
| MDCRD: mdcrd                                                                 
|MDINFO: mdinfo                                                                
|  MTMD: mtmd                                                                  
|INPDIP: inpdip                                                                
|RSTDIP: rstdip                                                                
|INPTRA: inptraj                                                               


 Here is the input file:

Minimisation, GB implicit solvent, backbone restrained                         
 &cntrl                                                                        
  imin = 1, maxcyc = 500, ncyc = 200,                                          
  ntb = 0, igb = 5, saltcon = 0.15,                                            
  cut = 999.0, ntpr = 100,                                                     
  ntr = 1, restraint_wt = 5.0,                                                 
  restraintmask = ':1-9999 & @CA,C,N,O',                                       
 /                                                                             

--------------------------------------------------------------------------------
   1.  RESOURCE   USE: 
--------------------------------------------------------------------------------

| Flags:                                                                        
| New format PARM file being parsed.
| Version =    1.000 Date = 09/27/26 Time = 03:35:56
 NATOM  =    4751 NTYPES =      31 NBONH =    2415 MBONA  =    2369
 NTHETH =    5515 MTHETA =    3209 NPHIH =   10747 MPHIA  =   10271
 NHPARM =       0 NPARM  =       0 NNB   =   26249 NRES   =     312
 NBONA  =    2369 NTHETA =    3209 NPHIA =   10271 NUMBND =     103
 NUMANG =     232 NPTRA  =     228 NATYP =      53 NPHB   =       0
 IFBOX  =       0 NMXRS  =      52 IFCAP =       0 NEXTRA =       0
 NCOPY  =       0

 Implicit solvent radii are H(N)-modified Bondi radii (mbondi2)                                             

|     Memory Use     Allocated
|     Real             1176448
|     Hollerith          14567
|     Integer           285504
|     Max Pairs              1
|     nblistReal             0
|     nblist Int             0
|       Total            10363 kbytes

| Note: 1-4 EEL scale factors are being read from the topology file.

| Note: 1-4 VDW scale factors are being read from the topology file.
| Duplicated    0 dihedrals
| Duplicated    0 dihedrals

--------------------------------------------------------------------------------
   2.  CONTROL  DATA  FOR  THE  RUN
--------------------------------------------------------------------------------

default_name                                                                    

General flags:
     imin    =       1, nmropt  =       0

Nature and format of input:
     ntx     =       1, irest   =       0, ntrx    =       1

Nature and format of output:
     ntxo    =       2, ntpr    =     100, ntrx    =       1, ntwr    =       1
     iwrap   =       0, ntwx    =       0, ntwv    =       0, ntwe    =       0
     ioutfm  =       1, ntwprt  =       0, idecomp =       0, rbornstat=      0

Potential function:
     ntf     =       1, ntb     =       0, igb     =       5, nsnb    =      25
     ipol    =       0, gbsa    =       0, iesp    =       0
     dielc   =   1.00000, cut     = 999.00000, intdiel =   1.00000
     saltcon =   0.15000, offset  =   0.09000, gbalpha=    1.00000
     gbbeta  =   0.80000, gbgamma =   4.85000, surften =   0.00500
     rdt     =   0.00000, rgbmax  =  25.00000  extdiel =  78.50000
     alpb  =        0

Frozen or restrained atoms:
     ibelly  =       0, ntr     =       1
     restraint_wt =   5.00000

Energy minimization:
     maxcyc  =     500, ncyc    =     200, ntmin   =       1
     dx0     =   0.01000, drms    =   0.00010
|  INFO: Old style inpcrd file read


    LOADING THE CONSTRAINED ATOMS AS GROUPS


   5.  REFERENCE ATOM COORDINATES

  defa
     Mask :1-9999 & @CA,C,N,O; matches  1243 atoms

--------------------------------------------------------------------------------
   3.  ATOMIC COORDINATES AND VELOCITIES
--------------------------------------------------------------------------------

default_name                                                                    
 begin time read from input coords =     0.000 ps

 Number of triangulated 3-point waters found:        0

--------------------------------------------------------------------------------
   4.  RESULTS
--------------------------------------------------------------------------------



   NSTEP       ENERGY          RMS            GMAX         NAME    NUMBER
      1      -7.6113E+03     9.8759E+00     4.1694E+02     H4       4741

 BOND    =      127.8227  ANGLE   =      527.4267  DIHED      =     3485.9576
 VDWAALS =    -2163.4909  EEL     =   -22789.2786  EGB        =    -3501.6505
 1-4 VDW =     1347.7028  1-4 EEL =    15354.1716  RESTRAINT  =        0.0000


   NSTEP       ENERGY          RMS            GMAX         NAME    NUMBER
    100      -8.9310E+03     4.1625E-01     6.6747E+00     HG1      4304

 BOND    =      143.6566  ANGLE   =      491.8043  DIHED      =     3469.0934
 VDWAALS =    -2692.5877  EEL     =   -22703.1343  EGB        =    -3571.9613
 1-4 VDW =     1032.1724  1-4 EEL =    14873.8553  RESTRAINT  =       26.1157
 EAMBER  =    -8957.1014


   NSTEP       ENERGY          RMS            GMAX         NAME    NUMBER
    200      -9.0274E+03     2.5653E-01     6.3434E+00     HG1       935

 BOND    =      157.2758  ANGLE   =      511.3964  DIHED      =     3462.4377
 VDWAALS =    -2727.5481  EEL     =   -22708.3964  EGB        =    -3574.7699
 1-4 VDW =      995.8959  1-4 EEL =    14821.7288  RESTRAINT  =       34.5619
 EAMBER  =    -9061.9798


   NSTEP       ENERGY          RMS            GMAX         NAME    NUMBER
    300      -9.1563E+03     3.5557E-01     9.9113E+00     H11      4701

 BOND    =      169.4793  ANGLE   =      528.9936  DIHED      =     3433.4748
 VDWAALS =    -2754.0309  EEL     =   -22761.8423  EGB        =    -3561.4792
 1-4 VDW =      965.1090  1-4 EEL =    14778.9334  RESTRAINT  =       45.0382
 EAMBER  =    -9201.3623


   NSTEP       ENERGY          RMS            GMAX         NAME    NUMBER
    400      -9.1813E+03     2.4047E-01     5.6591E+00     H11      4701

 BOND    =      170.4196  ANGLE   =      529.1459  DIHED      =     3424.1487
 VDWAALS =    -2755.9360  EEL     =   -22779.2108  EGB        =    -3552.6636
 1-4 VDW =      962.3758  1-4 EEL =    14774.5294  RESTRAINT  =       45.8979
 EAMBER  =    -9227.1911


   NSTEP       ENERGY          RMS            GMAX         NAME    NUMBER
    500      -9.1973E+03     1.4417E-01     4.5422E+00     C2       4665

 BOND    =      170.9888  ANGLE   =      529.8244  DIHED      =     3416.5972
 VDWAALS =    -2757.9328  EEL     =   -22788.3085  EGB        =    -3546.1212
 1-4 VDW =      960.9827  1-4 EEL =    14770.0559  RESTRAINT  =       46.6518
 EAMBER  =    -9243.9136


  Maximum number of minimization cycles reached.


                    FINAL RESULTS



   NSTEP       ENERGY          RMS            GMAX         NAME    NUMBER
    500      -9.1973E+03     1.4417E-01     4.5422E+00     C2       4665

 BOND    =      170.9888  ANGLE   =      529.8244  DIHED      =     3416.5972
 VDWAALS =    -2757.9328  EEL     =   -22788.3085  EGB        =    -3546.1212
 1-4 VDW =      960.9827  1-4 EEL =    14770.0559  RESTRAINT  =       46.6518
 EAMBER  =    -9243.9136

--------------------------------------------------------------------------------
   5.  TIMINGS
--------------------------------------------------------------------------------

|                Calc gb radii             77.98 (24.67% of Gen B)
|                Calc gb diag              84.04 (26.59% of Gen B)
|                Calc gb off-diag         154.02 (48.73% of Gen B)
|             Gen Born time            316.05 (100.0% of Nonbo)
|          Nonbond force            316.05 (99.64% of Force)
|          Bond/Angle/Dihedral        1.13 ( 0.35% of Force)
|       Force time               317.19 (100.0% of Runmd)
|    Runmd Time               317.19 (92.90% of Total)
|    Other                     24.24 ( 7.10% of Total)
| Total time               341.43 (100.0% of ALL  )

| Number of list builds   :          0

| Highest rstack allocated:          0
| Highest istack allocated:          0
|           Job began  at 03:35:56.765  on 09/27/2026
|           Setup done at 03:35:56.898  on 09/27/2026
|           Run   done at 03:41:38.192  on 09/27/2026
|     wallclock() was called    9028 times

|3D-RISM memory allocation summary
|Type          Maximum        Current   
|Integer       0.00000 GB     0.00000 GB
|Real          0.00000 GB     0.00000 GB
|Logical       0.00000 GB     0.00000 GB
|Character     0.00000 GB     0.00000 GB
|---------------------------------------
|Total         0.00000 GB     0.00000 GB
