
          -------------------------------------------------------
          Amber 24 SANDER                              2024
          -------------------------------------------------------

| Run on 09/27/2026 at 03:28:37

|   Executable path: sander
| Working directory: /home/siamchowdhury/chem/s_series/mmgbsa_checks_focused/25sa23_HIE
|          Hostname: Unknown
  [-O]verwriting output

File Assignments:
|  MDIN: min.in                                                                
| MDOUT: min.out                                                               
|INPCRD: complex.inpcrd                                                        
|  PARM: complex.prmtop                                                        
|RESTRT: complex_min.rst7                                                      
|  REFC: complex.inpcrd                                                        
| MDVEL: mdvel                                                                 
| MDFRC: mdfrc                                                                 
|  MDEN: mden                                                                  
| MDCRD: mdcrd                                                                 
|MDINFO: mdinfo                                                                
|  MTMD: mtmd                                                                  
|INPDIP: inpdip                                                                
|RSTDIP: rstdip                                                                
|INPTRA: inptraj                                                               


 Here is the input file:

Minimisation, GB implicit solvent, backbone restrained                         
 &cntrl                                                                        
  imin = 1, maxcyc = 500, ncyc = 200,                                          
  ntb = 0, igb = 5, saltcon = 0.15,                                            
  cut = 999.0, ntpr = 100,                                                     
  ntr = 1, restraint_wt = 5.0,                                                 
  restraintmask = ':1-9999 & @CA,C,N,O',                                       
 /                                                                             

--------------------------------------------------------------------------------
   1.  RESOURCE   USE: 
--------------------------------------------------------------------------------

| Flags:                                                                        
| New format PARM file being parsed.
| Version =    1.000 Date = 09/27/26 Time = 03:28:37
 NATOM  =    4758 NTYPES =      31 NBONH =    2415 MBONA  =    2376
 NTHETH =    5515 MTHETA =    3219 NPHIH =   10750 MPHIA  =   10290
 NHPARM =       0 NPARM  =       0 NNB   =   26287 NRES   =     312
 NBONA  =    2376 NTHETA =    3219 NPHIA =   10290 NUMBND =     100
 NUMANG =     218 NPTRA  =     220 NATYP =      53 NPHB   =       0
 IFBOX  =       0 NMXRS  =      52 IFCAP =       0 NEXTRA =       0
 NCOPY  =       0

 Implicit solvent radii are H(N)-modified Bondi radii (mbondi2)                                             

|     Memory Use     Allocated
|     Real             1177071
|     Hollerith          14588
|     Integer           285835
|     Max Pairs              1
|     nblistReal             0
|     nblist Int             0
|       Total            10369 kbytes

| Note: 1-4 EEL scale factors are being read from the topology file.

| Note: 1-4 VDW scale factors are being read from the topology file.
| Duplicated    0 dihedrals
| Duplicated    0 dihedrals

--------------------------------------------------------------------------------
   2.  CONTROL  DATA  FOR  THE  RUN
--------------------------------------------------------------------------------

default_name                                                                    

General flags:
     imin    =       1, nmropt  =       0

Nature and format of input:
     ntx     =       1, irest   =       0, ntrx    =       1

Nature and format of output:
     ntxo    =       2, ntpr    =     100, ntrx    =       1, ntwr    =       1
     iwrap   =       0, ntwx    =       0, ntwv    =       0, ntwe    =       0
     ioutfm  =       1, ntwprt  =       0, idecomp =       0, rbornstat=      0

Potential function:
     ntf     =       1, ntb     =       0, igb     =       5, nsnb    =      25
     ipol    =       0, gbsa    =       0, iesp    =       0
     dielc   =   1.00000, cut     = 999.00000, intdiel =   1.00000
     saltcon =   0.15000, offset  =   0.09000, gbalpha=    1.00000
     gbbeta  =   0.80000, gbgamma =   4.85000, surften =   0.00500
     rdt     =   0.00000, rgbmax  =  25.00000  extdiel =  78.50000
     alpb  =        0

Frozen or restrained atoms:
     ibelly  =       0, ntr     =       1
     restraint_wt =   5.00000

Energy minimization:
     maxcyc  =     500, ncyc    =     200, ntmin   =       1
     dx0     =   0.01000, drms    =   0.00010
|  INFO: Old style inpcrd file read


    LOADING THE CONSTRAINED ATOMS AS GROUPS


   5.  REFERENCE ATOM COORDINATES

  defa
     Mask :1-9999 & @CA,C,N,O; matches  1243 atoms

--------------------------------------------------------------------------------
   3.  ATOMIC COORDINATES AND VELOCITIES
--------------------------------------------------------------------------------

default_name                                                                    
 begin time read from input coords =     0.000 ps

 Number of triangulated 3-point waters found:        0

--------------------------------------------------------------------------------
   4.  RESULTS
--------------------------------------------------------------------------------



   NSTEP       ENERGY          RMS            GMAX         NAME    NUMBER
      1      -7.5332E+03     8.9188E+00     1.8297E+02     HD21     3806

 BOND    =      134.4556  ANGLE   =      520.3128  DIHED      =     3476.6626
 VDWAALS =    -2181.9637  EEL     =   -22763.0218  EGB        =    -3698.4026
 1-4 VDW =     1353.5785  1-4 EEL =    15625.1916  RESTRAINT  =        0.0000


   NSTEP       ENERGY          RMS            GMAX         NAME    NUMBER
    100      -8.8264E+03     4.2634E-01     8.7953E+00     P        4685

 BOND    =      142.4219  ANGLE   =      483.5445  DIHED      =     3462.4157
 VDWAALS =    -2683.9071  EEL     =   -22684.1162  EGB        =    -3760.8738
 1-4 VDW =     1039.6423  1-4 EEL =    15148.3794  RESTRAINT  =       26.1112
 EAMBER  =    -8852.4934


   NSTEP       ENERGY          RMS            GMAX         NAME    NUMBER
    200      -8.9235E+03     4.1925E-01     7.0634E+00     P        4685

 BOND    =      156.6972  ANGLE   =      503.3227  DIHED      =     3456.9747
 VDWAALS =    -2719.8523  EEL     =   -22692.0165  EGB        =    -3761.8017
 1-4 VDW =     1002.9283  1-4 EEL =    15095.5594  RESTRAINT  =       34.7358
 EAMBER  =    -8958.1881


   NSTEP       ENERGY          RMS            GMAX         NAME    NUMBER
    300      -9.0518E+03     3.7949E-01     9.1177E+00     P        4685

 BOND    =      168.5032  ANGLE   =      520.3846  DIHED      =     3429.7936
 VDWAALS =    -2745.1514  EEL     =   -22748.0749  EGB        =    -3747.8846
 1-4 VDW =      972.1278  1-4 EEL =    15053.4740  RESTRAINT  =       45.0119
 EAMBER  =    -9096.8277


   NSTEP       ENERGY          RMS            GMAX         NAME    NUMBER
    400      -9.0804E+03     2.1400E-01     5.3585E+00     C2       4664

 BOND    =      169.3537  ANGLE   =      520.2325  DIHED      =     3418.0684
 VDWAALS =    -2746.7330  EEL     =   -22763.2092  EGB        =    -3741.9049
 1-4 VDW =      969.3450  1-4 EEL =    15048.4925  RESTRAINT  =       45.9992
 EAMBER  =    -9126.3551


   NSTEP       ENERGY          RMS            GMAX         NAME    NUMBER
    500      -9.0975E+03     1.2946E-01     3.1080E+00     C2       4664

 BOND    =      170.1631  ANGLE   =      521.2290  DIHED      =     3408.8417
 VDWAALS =    -2748.8338  EEL     =   -22767.9647  EGB        =    -3738.8612
 1-4 VDW =      968.0416  1-4 EEL =    15043.1116  RESTRAINT  =       46.7437
 EAMBER  =    -9144.2728


  Maximum number of minimization cycles reached.


                    FINAL RESULTS



   NSTEP       ENERGY          RMS            GMAX         NAME    NUMBER
    500      -9.0975E+03     1.2946E-01     3.1080E+00     C2       4664

 BOND    =      170.1631  ANGLE   =      521.2290  DIHED      =     3408.8417
 VDWAALS =    -2748.8338  EEL     =   -22767.9647  EGB        =    -3738.8612
 1-4 VDW =      968.0416  1-4 EEL =    15043.1116  RESTRAINT  =       46.7437
 EAMBER  =    -9144.2728

--------------------------------------------------------------------------------
   5.  TIMINGS
--------------------------------------------------------------------------------

|                Calc gb radii             78.17 (19.78% of Gen B)
|                Calc gb diag              83.93 (21.23% of Gen B)
|                Calc gb off-diag         233.19 (58.99% of Gen B)
|             Gen Born time            395.29 (100.0% of Nonbo)
|          Nonbond force            395.29 (99.71% of Force)
|          Bond/Angle/Dihedral        1.12 ( 0.28% of Force)
|       Force time               396.43 (100.0% of Runmd)
|    Runmd Time               396.43 (94.62% of Total)
|    Other                     22.54 ( 5.38% of Total)
| Total time               418.98 (100.0% of ALL  )

| Number of list builds   :          0

| Highest rstack allocated:          0
| Highest istack allocated:          0
|           Job began  at 03:28:37.686  on 09/27/2026
|           Setup done at 03:28:37.791  on 09/27/2026
|           Run   done at 03:35:36.666  on 09/27/2026
|     wallclock() was called    9028 times

|3D-RISM memory allocation summary
|Type          Maximum        Current   
|Integer       0.00000 GB     0.00000 GB
|Real          0.00000 GB     0.00000 GB
|Logical       0.00000 GB     0.00000 GB
|Character     0.00000 GB     0.00000 GB
|---------------------------------------
|Total         0.00000 GB     0.00000 GB
