
          -------------------------------------------------------
          Amber 24 SANDER                              2024
          -------------------------------------------------------

| Run on 09/27/2026 at 11:49:31

|   Executable path: sander
| Working directory: /home/siamchowdhury/chem/s_series/mmgbsa_checks_focused/20sa23_HIE
|          Hostname: Unknown
  [-O]verwriting output

File Assignments:
|  MDIN: min.in                                                                
| MDOUT: min.out                                                               
|INPCRD: complex.inpcrd                                                        
|  PARM: complex.prmtop                                                        
|RESTRT: complex_min.rst7                                                      
|  REFC: complex.inpcrd                                                        
| MDVEL: mdvel                                                                 
| MDFRC: mdfrc                                                                 
|  MDEN: mden                                                                  
| MDCRD: mdcrd                                                                 
|MDINFO: mdinfo                                                                
|  MTMD: mtmd                                                                  
|INPDIP: inpdip                                                                
|RSTDIP: rstdip                                                                
|INPTRA: inptraj                                                               


 Here is the input file:

Minimisation, GB implicit solvent, backbone restrained                         
 &cntrl                                                                        
  imin = 1, maxcyc = 500, ncyc = 200,                                          
  ntb = 0, igb = 5, saltcon = 0.15,                                            
  cut = 999.0, ntpr = 100,                                                     
  ntr = 1, restraint_wt = 5.0,                                                 
  restraintmask = ':1-9999 & @CA,C,N,O',                                       
 /                                                                             

--------------------------------------------------------------------------------
   1.  RESOURCE   USE: 
--------------------------------------------------------------------------------

| Flags:                                                                        
| New format PARM file being parsed.
| Version =    1.000 Date = 09/27/26 Time = 11:49:31
 NATOM  =    4755 NTYPES =      32 NBONH =    2415 MBONA  =    2373
 NTHETH =    5515 MTHETA =    3213 NPHIH =   10750 MPHIA  =   10284
 NHPARM =       0 NPARM  =       0 NNB   =   26272 NRES   =     312
 NBONA  =    2373 NTHETA =    3213 NPHIA =   10284 NUMBND =     100
 NUMANG =     217 NPTRA  =     220 NATYP =      54 NPHB   =       0
 IFBOX  =       0 NMXRS  =      52 IFCAP =       0 NEXTRA =       0
 NCOPY  =       0

 Implicit solvent radii are H(N)-modified Bondi radii (mbondi2)                                             

|     Memory Use     Allocated
|     Real             1176868
|     Hollerith          14579
|     Integer           285769
|     Max Pairs              1
|     nblistReal             0
|     nblist Int             0
|       Total            10367 kbytes

| Note: 1-4 EEL scale factors are being read from the topology file.

| Note: 1-4 VDW scale factors are being read from the topology file.
| Duplicated    0 dihedrals
| Duplicated    0 dihedrals

--------------------------------------------------------------------------------
   2.  CONTROL  DATA  FOR  THE  RUN
--------------------------------------------------------------------------------

default_name                                                                    

General flags:
     imin    =       1, nmropt  =       0

Nature and format of input:
     ntx     =       1, irest   =       0, ntrx    =       1

Nature and format of output:
     ntxo    =       2, ntpr    =     100, ntrx    =       1, ntwr    =       1
     iwrap   =       0, ntwx    =       0, ntwv    =       0, ntwe    =       0
     ioutfm  =       1, ntwprt  =       0, idecomp =       0, rbornstat=      0

Potential function:
     ntf     =       1, ntb     =       0, igb     =       5, nsnb    =      25
     ipol    =       0, gbsa    =       0, iesp    =       0
     dielc   =   1.00000, cut     = 999.00000, intdiel =   1.00000
     saltcon =   0.15000, offset  =   0.09000, gbalpha=    1.00000
     gbbeta  =   0.80000, gbgamma =   4.85000, surften =   0.00500
     rdt     =   0.00000, rgbmax  =  25.00000  extdiel =  78.50000
     alpb  =        0

Frozen or restrained atoms:
     ibelly  =       0, ntr     =       1
     restraint_wt =   5.00000

Energy minimization:
     maxcyc  =     500, ncyc    =     200, ntmin   =       1
     dx0     =   0.01000, drms    =   0.00010
|  INFO: Old style inpcrd file read


    LOADING THE CONSTRAINED ATOMS AS GROUPS


   5.  REFERENCE ATOM COORDINATES

  defa
     Mask :1-9999 & @CA,C,N,O; matches  1243 atoms

--------------------------------------------------------------------------------
   3.  ATOMIC COORDINATES AND VELOCITIES
--------------------------------------------------------------------------------

default_name                                                                    
 begin time read from input coords =     0.000 ps

 Number of triangulated 3-point waters found:        0

--------------------------------------------------------------------------------
   4.  RESULTS
--------------------------------------------------------------------------------



   NSTEP       ENERGY          RMS            GMAX         NAME    NUMBER
      1      -7.5270E+03     9.7479E+00     3.1841E+02     H3       4743

 BOND    =      135.1679  ANGLE   =      520.9817  DIHED      =     3470.8760
 VDWAALS =    -2151.2398  EEL     =   -22735.7974  EGB        =    -3692.4691
 1-4 VDW =     1353.8564  1-4 EEL =    15571.6059  RESTRAINT  =        0.0000


   NSTEP       ENERGY          RMS            GMAX         NAME    NUMBER
    100      -8.8446E+03     4.2584E-01     1.0890E+01     P        4685

 BOND    =      142.6796  ANGLE   =      484.1929  DIHED      =     3455.4680
 VDWAALS =    -2679.0467  EEL     =   -22652.8644  EGB        =    -3756.8150
 1-4 VDW =     1040.3409  1-4 EEL =    15095.4104  RESTRAINT  =       26.0838
 EAMBER  =    -8870.6344


   NSTEP       ENERGY          RMS            GMAX         NAME    NUMBER
    200      -8.9424E+03     2.7259E-01     6.4250E+00     HG1       935

 BOND    =      156.4763  ANGLE   =      504.0071  DIHED      =     3450.1879
 VDWAALS =    -2715.7131  EEL     =   -22659.4703  EGB        =    -3758.6305
 1-4 VDW =     1003.2775  1-4 EEL =    15042.6009  RESTRAINT  =       34.8608
 EAMBER  =    -8977.2641


   NSTEP       ENERGY          RMS            GMAX         NAME    NUMBER
    300      -9.0748E+03     3.4318E-01     7.4204E+00     N3       4674

 BOND    =      168.2520  ANGLE   =      521.6013  DIHED      =     3422.1846
 VDWAALS =    -2742.7481  EEL     =   -22716.3629  EGB        =    -3745.5022
 1-4 VDW =      972.4520  1-4 EEL =    14999.8311  RESTRAINT  =       45.4557
 EAMBER  =    -9120.2920


   NSTEP       ENERGY          RMS            GMAX         NAME    NUMBER
    400      -9.1003E+03     2.9060E-01     7.2783E+00     N3       4674

 BOND    =      169.1180  ANGLE   =      521.0561  DIHED      =     3412.3156
 VDWAALS =    -2743.8018  EEL     =   -22731.7153  EGB        =    -3738.7175
 1-4 VDW =      969.5749  1-4 EEL =    14995.6047  RESTRAINT  =       46.2325
 EAMBER  =    -9146.5652


   NSTEP       ENERGY          RMS            GMAX         NAME    NUMBER
    500      -9.1152E+03     1.7672E-01     5.0883E+00     H11      4700

 BOND    =      169.9212  ANGLE   =      521.2788  DIHED      =     3405.5844
 VDWAALS =    -2745.6607  EEL     =   -22736.9493  EGB        =    -3735.4335
 1-4 VDW =      968.2055  1-4 EEL =    14991.0870  RESTRAINT  =       46.7824
 EAMBER  =    -9161.9666


  Maximum number of minimization cycles reached.


                    FINAL RESULTS



   NSTEP       ENERGY          RMS            GMAX         NAME    NUMBER
    500      -9.1152E+03     1.7672E-01     5.0883E+00     H11      4700

 BOND    =      169.9212  ANGLE   =      521.2788  DIHED      =     3405.5844
 VDWAALS =    -2745.6607  EEL     =   -22736.9493  EGB        =    -3735.4335
 1-4 VDW =      968.2055  1-4 EEL =    14991.0870  RESTRAINT  =       46.7824
 EAMBER  =    -9161.9666

--------------------------------------------------------------------------------
   5.  TIMINGS
--------------------------------------------------------------------------------

|                Calc gb radii             65.37 (25.00% of Gen B)
|                Calc gb diag              69.14 (26.44% of Gen B)
|                Calc gb off-diag         126.93 (48.55% of Gen B)
|             Gen Born time            261.44 (100.0% of Nonbo)
|          Nonbond force            261.44 (99.64% of Force)
|          Bond/Angle/Dihedral        0.92 ( 0.35% of Force)
|          Other                      0.01 ( 0.01% of Force)
|       Force time               262.38 (100.0% of Runmd)
|    Runmd Time               262.38 (94.06% of Total)
|    Other                     16.58 ( 5.94% of Total)
| Total time               278.96 (100.0% of ALL  )

| Number of list builds   :          0

| Highest rstack allocated:          0
| Highest istack allocated:          0
|           Job began  at 11:49:31.926  on 09/27/2026
|           Setup done at 11:49:31.996  on 09/27/2026
|           Run   done at 11:54:10.885  on 09/27/2026
|     wallclock() was called    9028 times

|3D-RISM memory allocation summary
|Type          Maximum        Current   
|Integer       0.00000 GB     0.00000 GB
|Real          0.00000 GB     0.00000 GB
|Logical       0.00000 GB     0.00000 GB
|Character     0.00000 GB     0.00000 GB
|---------------------------------------
|Total         0.00000 GB     0.00000 GB
