Loading and checking parameter files for compatibility...
cpptraj found! Using /home/siamchowdhury/miniconda3/envs/docking/bin/cpptraj
sander found! Using /home/siamchowdhury/miniconda3/envs/docking/bin/sander
Preparing trajectories for simulation...
1 frames were processed by cpptraj for use in calculation.

Running calculations on normal system...

Beginning GB calculations with /home/siamchowdhury/miniconda3/envs/docking/bin/sander
  calculating complex contribution...
  calculating receptor contribution...
  calculating ligand contribution...
  File "/home/siamchowdhury/miniconda3/envs/docking/bin/MMPBSA.py", line 110, in <module>
    app.write_final_outputs()
  File "/home/siamchowdhury/miniconda3/envs/docking/lib/python3.10/site-packages/MMPBSA_mods/main.py", line 685, in write_final_outputs
    write_decomp_binding_output(self.FILES, self.INPUT, self.mpi_size,
  File "/home/siamchowdhury/miniconda3/envs/docking/lib/python3.10/site-packages/MMPBSA_mods/output_file.py", line 673, in write_decomp_binding_output
    gb_bind.parse_all()
  File "/home/siamchowdhury/miniconda3/envs/docking/lib/python3.10/site-packages/MMPBSA_mods/amber_outputs.py", line 2136, in _parse_all_csv
    self._parse_all_begin()
  File "/home/siamchowdhury/miniconda3/envs/docking/lib/python3.10/site-packages/MMPBSA_mods/amber_outputs.py", line 1980, in _parse_all_begin
    raise DecompError('Mismatch in number of decomp terms!')
DecompError: Mismatch in number of decomp terms!

Fatal Error! 
All files have been retained for your error investigation: 
You should begin by examining the output files of the first failed calculation.
Consult the "Temporary Files" subsection of the MMPBSA.py chapter in the
manual for file naming conventions.
