
          -------------------------------------------------------
          Amber 24 SANDER                              2024
          -------------------------------------------------------

| Run on 09/27/2026 at 02:16:50

|   Executable path: sander
| Working directory: /home/siamchowdhury/chem/s_series/mmgbsa_focused/9sa23
|          Hostname: Unknown
  [-O]verwriting output

File Assignments:
|  MDIN: min.in                                                                
| MDOUT: min.out                                                               
|INPCRD: complex.inpcrd                                                        
|  PARM: complex.prmtop                                                        
|RESTRT: complex_min.rst7                                                      
|  REFC: complex.inpcrd                                                        
| MDVEL: mdvel                                                                 
| MDFRC: mdfrc                                                                 
|  MDEN: mden                                                                  
| MDCRD: mdcrd                                                                 
|MDINFO: mdinfo                                                                
|  MTMD: mtmd                                                                  
|INPDIP: inpdip                                                                
|RSTDIP: rstdip                                                                
|INPTRA: inptraj                                                               


 Here is the input file:

Minimisation of the docked complex, GB implicit solvent                        
 &cntrl                                                                        
  imin = 1, maxcyc = 500, ncyc = 200,                                          
  ntb = 0, igb = 5, saltcon = 0.15,                                            
  cut = 999.0, ntpr = 100,                                                     
  ntr = 1, restraint_wt = 5.0,                                                 
  restraintmask = ':1-9999 & @CA,C,N,O',                                       
 /                                                                             

--------------------------------------------------------------------------------
   1.  RESOURCE   USE: 
--------------------------------------------------------------------------------

| Flags:                                                                        
| New format PARM file being parsed.
| Version =    1.000 Date = 09/27/26 Time = 02:16:50
 NATOM  =    4755 NTYPES =      32 NBONH =    2416 MBONA  =    2372
 NTHETH =    5517 MTHETA =    3211 NPHIH =   10753 MPHIA  =   10281
 NHPARM =       0 NPARM  =       0 NNB   =   26271 NRES   =     312
 NBONA  =    2372 NTHETA =    3211 NPHIA =   10281 NUMBND =     100
 NUMANG =     217 NPTRA  =     220 NATYP =      54 NPHB   =       0
 IFBOX  =       0 NMXRS  =      52 IFCAP =       0 NEXTRA =       0
 NCOPY  =       0

 Implicit solvent radii are H(N)-modified Bondi radii (mbondi2)                                             

|     Memory Use     Allocated
|     Real             1176868
|     Hollerith          14579
|     Integer           285767
|     Max Pairs              1
|     nblistReal             0
|     nblist Int             0
|       Total            10367 kbytes

| Note: 1-4 EEL scale factors are being read from the topology file.

| Note: 1-4 VDW scale factors are being read from the topology file.
| Duplicated    0 dihedrals
| Duplicated    0 dihedrals

--------------------------------------------------------------------------------
   2.  CONTROL  DATA  FOR  THE  RUN
--------------------------------------------------------------------------------

default_name                                                                    

General flags:
     imin    =       1, nmropt  =       0

Nature and format of input:
     ntx     =       1, irest   =       0, ntrx    =       1

Nature and format of output:
     ntxo    =       2, ntpr    =     100, ntrx    =       1, ntwr    =       1
     iwrap   =       0, ntwx    =       0, ntwv    =       0, ntwe    =       0
     ioutfm  =       1, ntwprt  =       0, idecomp =       0, rbornstat=      0

Potential function:
     ntf     =       1, ntb     =       0, igb     =       5, nsnb    =      25
     ipol    =       0, gbsa    =       0, iesp    =       0
     dielc   =   1.00000, cut     = 999.00000, intdiel =   1.00000
     saltcon =   0.15000, offset  =   0.09000, gbalpha=    1.00000
     gbbeta  =   0.80000, gbgamma =   4.85000, surften =   0.00500
     rdt     =   0.00000, rgbmax  =  25.00000  extdiel =  78.50000
     alpb  =        0

Frozen or restrained atoms:
     ibelly  =       0, ntr     =       1
     restraint_wt =   5.00000

Energy minimization:
     maxcyc  =     500, ncyc    =     200, ntmin   =       1
     dx0     =   0.01000, drms    =   0.00010
|  INFO: Old style inpcrd file read


    LOADING THE CONSTRAINED ATOMS AS GROUPS


   5.  REFERENCE ATOM COORDINATES

  defa
     Mask :1-9999 & @CA,C,N,O; matches  1243 atoms

--------------------------------------------------------------------------------
   3.  ATOMIC COORDINATES AND VELOCITIES
--------------------------------------------------------------------------------

default_name                                                                    
 begin time read from input coords =     0.000 ps

 Number of triangulated 3-point waters found:        0

--------------------------------------------------------------------------------
   4.  RESULTS
--------------------------------------------------------------------------------



   NSTEP       ENERGY          RMS            GMAX         NAME    NUMBER
      1      -7.4892E+03     9.3051E+00     2.6412E+02     HB3      1466

 BOND    =      134.5620  ANGLE   =      520.9327  DIHED      =     3467.6333
 VDWAALS =    -2155.4338  EEL     =   -22656.7000  EGB        =    -3749.4473
 1-4 VDW =     1354.3060  1-4 EEL =    15594.9540  RESTRAINT  =        0.0000


   NSTEP       ENERGY          RMS            GMAX         NAME    NUMBER
    100      -8.8144E+03     4.2709E-01     9.6031E+00     P        4685

 BOND    =      142.6279  ANGLE   =      484.7377  DIHED      =     3452.6166
 VDWAALS =    -2685.5519  EEL     =   -22593.3099  EGB        =    -3799.5647
 1-4 VDW =     1040.6548  1-4 EEL =    15117.0038  RESTRAINT  =       26.3574
 EAMBER  =    -8840.7857


   NSTEP       ENERGY          RMS            GMAX         NAME    NUMBER
    200      -8.9158E+03     4.1382E-01     9.5738E+00     C5       4716

 BOND    =      156.7831  ANGLE   =      504.8994  DIHED      =     3447.8899
 VDWAALS =    -2723.4554  EEL     =   -22601.9878  EGB        =    -3799.8850
 1-4 VDW =     1002.6929  1-4 EEL =    15062.0193  RESTRAINT  =       35.2135
 EAMBER  =    -8951.0436


   NSTEP       ENERGY          RMS            GMAX         NAME    NUMBER
    300      -9.0463E+03     3.1671E-01     6.9588E+00     C12      4676

 BOND    =      168.6327  ANGLE   =      523.1747  DIHED      =     3422.4014
 VDWAALS =    -2751.1743  EEL     =   -22664.2124  EGB        =    -3781.2285
 1-4 VDW =      971.0450  1-4 EEL =    15019.6660  RESTRAINT  =       45.3852
 EAMBER  =    -9091.6953


   NSTEP       ENERGY          RMS            GMAX         NAME    NUMBER
    400      -9.0723E+03     1.7311E-01     4.2415E+00     H11      4700

 BOND    =      169.6259  ANGLE   =      523.0012  DIHED      =     3412.8686
 VDWAALS =    -2753.1744  EEL     =   -22685.5986  EGB        =    -3769.3932
 1-4 VDW =      968.2050  1-4 EEL =    15015.7663  RESTRAINT  =       46.3506
 EAMBER  =    -9118.6993


   NSTEP       ENERGY          RMS            GMAX         NAME    NUMBER
    500      -9.0897E+03     1.6737E-01     4.2735E+00     N3       4674

 BOND    =      170.1361  ANGLE   =      524.2193  DIHED      =     3404.6275
 VDWAALS =    -2755.3962  EEL     =   -22696.5381  EGB        =    -3761.2960
 1-4 VDW =      966.5855  1-4 EEL =    15010.8509  RESTRAINT  =       47.1228
 EAMBER  =    -9136.8109


  Maximum number of minimization cycles reached.


                    FINAL RESULTS



   NSTEP       ENERGY          RMS            GMAX         NAME    NUMBER
    500      -9.0897E+03     1.6737E-01     4.2735E+00     N3       4674

 BOND    =      170.1361  ANGLE   =      524.2193  DIHED      =     3404.6275
 VDWAALS =    -2755.3962  EEL     =   -22696.5381  EGB        =    -3761.2960
 1-4 VDW =      966.5855  1-4 EEL =    15010.8509  RESTRAINT  =       47.1228
 EAMBER  =    -9136.8109

--------------------------------------------------------------------------------
   5.  TIMINGS
--------------------------------------------------------------------------------

|                Calc gb radii             68.37 (21.28% of Gen B)
|                Calc gb diag              87.44 (27.21% of Gen B)
|                Calc gb off-diag         165.55 (51.51% of Gen B)
|             Gen Born time            321.36 (100.0% of Nonbo)
|          Nonbond force            321.36 (99.50% of Force)
|          Bond/Angle/Dihedral        1.61 ( 0.50% of Force)
|          Other                      0.02 ( 0.01% of Force)
|       Force time               322.99 (100.0% of Runmd)
|    Runmd Time               322.99 (95.11% of Total)
|    Other                     16.59 ( 4.89% of Total)
| Total time               339.59 (100.0% of ALL  )

| Number of list builds   :          0

| Highest rstack allocated:          0
| Highest istack allocated:          0
|           Job began  at 02:16:50.682  on 09/27/2026
|           Setup done at 02:16:50.788  on 09/27/2026
|           Run   done at 02:22:30.270  on 09/27/2026
|     wallclock() was called    9028 times

|3D-RISM memory allocation summary
|Type          Maximum        Current   
|Integer       0.00000 GB     0.00000 GB
|Real          0.00000 GB     0.00000 GB
|Logical       0.00000 GB     0.00000 GB
|Character     0.00000 GB     0.00000 GB
|---------------------------------------
|Total         0.00000 GB     0.00000 GB
