
          -------------------------------------------------------
          Amber 24 SANDER                              2024
          -------------------------------------------------------

| Run on 09/27/2026 at 13:40:04

|   Executable path: sander
| Working directory: /home/siamchowdhury/chem/s_series/mmgbsa_checks_focused/17sa23_HIP
|          Hostname: Unknown
  [-O]verwriting output

File Assignments:
|  MDIN: min.in                                                                
| MDOUT: min.out                                                               
|INPCRD: complex.inpcrd                                                        
|  PARM: complex.prmtop                                                        
|RESTRT: complex_min.rst7                                                      
|  REFC: complex.inpcrd                                                        
| MDVEL: mdvel                                                                 
| MDFRC: mdfrc                                                                 
|  MDEN: mden                                                                  
| MDCRD: mdcrd                                                                 
|MDINFO: mdinfo                                                                
|  MTMD: mtmd                                                                  
|INPDIP: inpdip                                                                
|RSTDIP: rstdip                                                                
|INPTRA: inptraj                                                               


 Here is the input file:

Minimisation, GB implicit solvent, backbone restrained                         
 &cntrl                                                                        
  imin = 1, maxcyc = 500, ncyc = 200,                                          
  ntb = 0, igb = 5, saltcon = 0.15,                                            
  cut = 999.0, ntpr = 100,                                                     
  ntr = 1, restraint_wt = 5.0,                                                 
  restraintmask = ':1-9999 & @CA,C,N,O',                                       
 /                                                                             

--------------------------------------------------------------------------------
   1.  RESOURCE   USE: 
--------------------------------------------------------------------------------

| Flags:                                                                        
| New format PARM file being parsed.
| Version =    1.000 Date = 09/27/26 Time = 13:40:04
 NATOM  =    4756 NTYPES =      31 NBONH =    2416 MBONA  =    2373
 NTHETH =    5517 MTHETA =    3213 NPHIH =   10754 MPHIA  =   10285
 NHPARM =       0 NPARM  =       0 NNB   =   26278 NRES   =     312
 NBONA  =    2373 NTHETA =    3213 NPHIA =   10285 NUMBND =     100
 NUMANG =     221 NPTRA  =     225 NATYP =      53 NPHB   =       0
 IFBOX  =       0 NMXRS  =      52 IFCAP =       0 NEXTRA =       0
 NCOPY  =       0

 Implicit solvent radii are H(N)-modified Bondi radii (mbondi2)                                             

|     Memory Use     Allocated
|     Real             1176893
|     Hollerith          14582
|     Integer           285766
|     Max Pairs              1
|     nblistReal             0
|     nblist Int             0
|       Total            10367 kbytes

| Note: 1-4 EEL scale factors are being read from the topology file.

| Note: 1-4 VDW scale factors are being read from the topology file.
| Duplicated    0 dihedrals
| Duplicated    0 dihedrals

--------------------------------------------------------------------------------
   2.  CONTROL  DATA  FOR  THE  RUN
--------------------------------------------------------------------------------

default_name                                                                    

General flags:
     imin    =       1, nmropt  =       0

Nature and format of input:
     ntx     =       1, irest   =       0, ntrx    =       1

Nature and format of output:
     ntxo    =       2, ntpr    =     100, ntrx    =       1, ntwr    =       1
     iwrap   =       0, ntwx    =       0, ntwv    =       0, ntwe    =       0
     ioutfm  =       1, ntwprt  =       0, idecomp =       0, rbornstat=      0

Potential function:
     ntf     =       1, ntb     =       0, igb     =       5, nsnb    =      25
     ipol    =       0, gbsa    =       0, iesp    =       0
     dielc   =   1.00000, cut     = 999.00000, intdiel =   1.00000
     saltcon =   0.15000, offset  =   0.09000, gbalpha=    1.00000
     gbbeta  =   0.80000, gbgamma =   4.85000, surften =   0.00500
     rdt     =   0.00000, rgbmax  =  25.00000  extdiel =  78.50000
     alpb  =        0

Frozen or restrained atoms:
     ibelly  =       0, ntr     =       1
     restraint_wt =   5.00000

Energy minimization:
     maxcyc  =     500, ncyc    =     200, ntmin   =       1
     dx0     =   0.01000, drms    =   0.00010
|  INFO: Old style inpcrd file read


    LOADING THE CONSTRAINED ATOMS AS GROUPS


   5.  REFERENCE ATOM COORDINATES

  defa
     Mask :1-9999 & @CA,C,N,O; matches  1243 atoms

--------------------------------------------------------------------------------
   3.  ATOMIC COORDINATES AND VELOCITIES
--------------------------------------------------------------------------------

default_name                                                                    
 begin time read from input coords =     0.000 ps

 Number of triangulated 3-point waters found:        0

--------------------------------------------------------------------------------
   4.  RESULTS
--------------------------------------------------------------------------------



   NSTEP       ENERGY          RMS            GMAX         NAME    NUMBER
      1      -7.3110E+03     2.2173E+01     1.4715E+03     HB3      1466

 BOND    =      134.6534  ANGLE   =      522.2252  DIHED      =     3467.3076
 VDWAALS =    -1990.3048  EEL     =   -22777.3629  EGB        =    -3653.7409
 1-4 VDW =     1355.0228  1-4 EEL =    15631.2037  RESTRAINT  =        0.0000


   NSTEP       ENERGY          RMS            GMAX         NAME    NUMBER
    100      -8.7939E+03     4.2808E-01     7.2383E+00     HG1      2832

 BOND    =      141.6073  ANGLE   =      486.1351  DIHED      =     3454.7579
 VDWAALS =    -2681.6547  EEL     =   -22716.9633  EGB        =    -3706.3716
 1-4 VDW =     1044.8939  1-4 EEL =    15158.1138  RESTRAINT  =       25.6208
 EAMBER  =    -8819.4817


   NSTEP       ENERGY          RMS            GMAX         NAME    NUMBER
    200      -8.8987E+03     2.5840E-01     6.0218E+00     HG1       935

 BOND    =      155.1823  ANGLE   =      507.3444  DIHED      =     3450.0943
 VDWAALS =    -2720.3862  EEL     =   -22724.3243  EGB        =    -3707.5657
 1-4 VDW =     1005.0697  1-4 EEL =    15101.1171  RESTRAINT  =       34.7374
 EAMBER  =    -8933.4684


   NSTEP       ENERGY          RMS            GMAX         NAME    NUMBER
    300      -9.0343E+03     3.0828E-01     6.3812E+00     OG       2674

 BOND    =      168.2527  ANGLE   =      527.1417  DIHED      =     3423.7224
 VDWAALS =    -2750.9453  EEL     =   -22787.5803  EGB        =    -3688.9159
 1-4 VDW =      972.1083  1-4 EEL =    15056.1317  RESTRAINT  =       45.8035
 EAMBER  =    -9080.0849


   NSTEP       ENERGY          RMS            GMAX         NAME    NUMBER
    400      -9.0583E+03     3.1122E-01     7.0613E+00     OG       2674

 BOND    =      169.5865  ANGLE   =      526.8019  DIHED      =     3414.7801
 VDWAALS =    -2752.1950  EEL     =   -22807.7000  EGB        =    -3678.5757
 1-4 VDW =      969.6261  1-4 EEL =    15052.9985  RESTRAINT  =       46.4057
 EAMBER  =    -9104.6775


   NSTEP       ENERGY          RMS            GMAX         NAME    NUMBER
    500      -9.0739E+03     2.5729E-01     5.7013E+00     OG       2674

 BOND    =      170.3628  ANGLE   =      527.2446  DIHED      =     3407.4475
 VDWAALS =    -2753.7485  EEL     =   -22816.8729  EGB        =    -3672.3982
 1-4 VDW =      968.0080  1-4 EEL =    15049.1024  RESTRAINT  =       46.9888
 EAMBER  =    -9120.8544


  Maximum number of minimization cycles reached.


                    FINAL RESULTS



   NSTEP       ENERGY          RMS            GMAX         NAME    NUMBER
    500      -9.0739E+03     2.5729E-01     5.7013E+00     OG       2674

 BOND    =      170.3628  ANGLE   =      527.2446  DIHED      =     3407.4475
 VDWAALS =    -2753.7485  EEL     =   -22816.8729  EGB        =    -3672.3982
 1-4 VDW =      968.0080  1-4 EEL =    15049.1024  RESTRAINT  =       46.9888
 EAMBER  =    -9120.8544

--------------------------------------------------------------------------------
   5.  TIMINGS
--------------------------------------------------------------------------------

|                Calc gb radii            103.09 (19.88% of Gen B)
|                Calc gb diag             130.31 (25.13% of Gen B)
|                Calc gb off-diag         285.11 (54.99% of Gen B)
|             Gen Born time            518.51 (100.0% of Nonbo)
|          Nonbond force            518.51 (99.66% of Force)
|          Bond/Angle/Dihedral        1.74 ( 0.33% of Force)
|       Force time               520.27 (100.0% of Runmd)
|    Runmd Time               520.27 (95.52% of Total)
|    Other                     24.37 ( 4.47% of Total)
| Total time               544.64 (100.0% of ALL  )

| Number of list builds   :          0

| Highest rstack allocated:          0
| Highest istack allocated:          0
|           Job began  at 13:40:04.095  on 09/27/2026
|           Setup done at 13:40:04.252  on 09/27/2026
|           Run   done at 13:49:08.735  on 09/27/2026
|     wallclock() was called    9028 times

|3D-RISM memory allocation summary
|Type          Maximum        Current   
|Integer       0.00000 GB     0.00000 GB
|Real          0.00000 GB     0.00000 GB
|Logical       0.00000 GB     0.00000 GB
|Character     0.00000 GB     0.00000 GB
|---------------------------------------
|Total         0.00000 GB     0.00000 GB
